Archive member included because of file (symbol)

C:\Users\legi2074\AppData\Local\arduino15\packages\arduino\hardware\sam\1.6.11\variants\arduino_due_x/libsam_sam3x8e_gcc_rel.a(pio.o)
                              C:\Users\legi2074\AppData\Local\Temp\VMBuilds\IMU_SpinModule\arduino_due_x_dbg\Wire\Wire.cpp.o (PIO_Configure)
C:\Users\legi2074\AppData\Local\arduino15\packages\arduino\hardware\sam\1.6.11\variants\arduino_due_x/libsam_sam3x8e_gcc_rel.a(pmc.o)
                              C:\Users\legi2074\AppData\Local\Temp\VMBuilds\IMU_SpinModule\arduino_due_x_dbg\Wire\Wire.cpp.o (pmc_enable_periph_clk)
C:\Users\legi2074\AppData\Local\arduino15\packages\arduino\hardware\sam\1.6.11\variants\arduino_due_x/libsam_sam3x8e_gcc_rel.a(spi.o)
                              C:\Users\legi2074\AppData\Local\Temp\VMBuilds\IMU_SpinModule\arduino_due_x_dbg\SPI\SPI.cpp.o (SPI_Enable)
C:\Users\legi2074\AppData\Local\arduino15\packages\arduino\hardware\sam\1.6.11\variants\arduino_due_x/libsam_sam3x8e_gcc_rel.a(twi.o)
                              C:\Users\legi2074\AppData\Local\Temp\VMBuilds\IMU_SpinModule\arduino_due_x_dbg\Wire\Wire.cpp.o (TWI_SetClock)
C:\Users\legi2074\AppData\Local\arduino15\packages\arduino\hardware\sam\1.6.11\variants\arduino_due_x/libsam_sam3x8e_gcc_rel.a(system_sam3xa.o)
                              C:\Users\legi2074\AppData\Local\Temp\VMBuilds\IMU_SpinModule\arduino_due_x_dbg\variant\variant.cpp.o (SystemInit)
C:\Users\legi2074\AppData\Local\arduino15\packages\arduino\hardware\sam\1.6.11\variants\arduino_due_x/libsam_sam3x8e_gcc_rel.a(startup_sam3xa.o)
                              (Reset_Handler)
C:\Users\legi2074\AppData\Local\arduino15\packages\arduino\hardware\sam\1.6.11\variants\arduino_due_x/libsam_sam3x8e_gcc_rel.a(adc.o)
                              C:\Users\legi2074\AppData\Local\Temp\VMBuilds\IMU_SpinModule\arduino_due_x_dbg\variant\variant.cpp.o (adc_init)
C:\Users\legi2074\AppData\Local\arduino15\packages\arduino\hardware\sam\1.6.11\variants\arduino_due_x/libsam_sam3x8e_gcc_rel.a(uotghs.o)
                              C:\Users\legi2074\AppData\Local\arduino15\packages\arduino\hardware\sam\1.6.11\variants\arduino_due_x/libsam_sam3x8e_gcc_rel.a(startup_sam3xa.o) (UOTGHS_Handler)
C:\Users\legi2074\AppData\Local\Temp\VMBuilds\IMU_SpinModule\arduino_due_x_dbg/core.a(cortex_handlers.c.o)
                              C:\Users\legi2074\AppData\Local\arduino15\packages\arduino\hardware\sam\1.6.11\variants\arduino_due_x/libsam_sam3x8e_gcc_rel.a(startup_sam3xa.o) (NMI_Handler)
C:\Users\legi2074\AppData\Local\Temp\VMBuilds\IMU_SpinModule\arduino_due_x_dbg/core.a(hooks.c.o)
                              C:\Users\legi2074\AppData\Local\Temp\VMBuilds\IMU_SpinModule\arduino_due_x_dbg/core.a(cortex_handlers.c.o) (sysTickHook)
C:\Users\legi2074\AppData\Local\Temp\VMBuilds\IMU_SpinModule\arduino_due_x_dbg/core.a(syscalls_sam3.c.o)
                              (_sbrk)
C:\Users\legi2074\AppData\Local\Temp\VMBuilds\IMU_SpinModule\arduino_due_x_dbg/core.a(wiring.c.o)
                              C:\Users\legi2074\AppData\Local\Temp\VMBuilds\IMU_SpinModule\arduino_due_x_dbg\IMU_SpinModule.cpp.o (micros)
C:\Users\legi2074\AppData\Local\Temp\VMBuilds\IMU_SpinModule\arduino_due_x_dbg/core.a(wiring_analog.c.o)
                              C:\Users\legi2074\AppData\Local\Temp\VMBuilds\IMU_SpinModule\arduino_due_x_dbg\IMU_SpinModule.cpp.o (analogReadResolution)
C:\Users\legi2074\AppData\Local\Temp\VMBuilds\IMU_SpinModule\arduino_due_x_dbg/core.a(wiring_digital.c.o)
                              C:\Users\legi2074\AppData\Local\Temp\VMBuilds\IMU_SpinModule\arduino_due_x_dbg\IMU_SpinModule.cpp.o (pinMode)
C:\Users\legi2074\AppData\Local\Temp\VMBuilds\IMU_SpinModule\arduino_due_x_dbg/core.a(abi.cpp.o)
                              C:\Users\legi2074\AppData\Local\Temp\VMBuilds\IMU_SpinModule\arduino_due_x_dbg\Wire\Wire.cpp.o (__cxa_pure_virtual)
C:\Users\legi2074\AppData\Local\Temp\VMBuilds\IMU_SpinModule\arduino_due_x_dbg/core.a(main.cpp.o)
                              c:/users/legi2074/appdata/local/arduino15/packages/arduino/tools/arm-none-eabi-gcc/4.8.3-2014q1/bin/../lib/gcc/arm-none-eabi/4.8.3/../../../../arm-none-eabi/lib/armv7-m/crt0.o (main)
C:\Users\legi2074\AppData\Local\Temp\VMBuilds\IMU_SpinModule\arduino_due_x_dbg/core.a(Print.cpp.o)
                              C:\Users\legi2074\AppData\Local\Temp\VMBuilds\IMU_SpinModule\arduino_due_x_dbg\Wire\Wire.cpp.o (Print::write(unsigned char const*, unsigned int))
C:\Users\legi2074\AppData\Local\Temp\VMBuilds\IMU_SpinModule\arduino_due_x_dbg/core.a(Reset.cpp.o)
                              C:\Users\legi2074\AppData\Local\Temp\VMBuilds\IMU_SpinModule\arduino_due_x_dbg/core.a(cortex_handlers.c.o) (tickReset)
C:\Users\legi2074\AppData\Local\Temp\VMBuilds\IMU_SpinModule\arduino_due_x_dbg/core.a(RingBuffer.cpp.o)
[...]
Memory Configuration

Name             Origin             Length             Attributes
rom              0x00080000         0x00080000         xr
sram0            0x20000000         0x00010000         xrw
sram1            0x20080000         0x00008000         xrw
ram              0x20070000         0x00018000         xrw
*default*        0x00000000         0xffffffff

Linker script and memory map

LOAD c:/users/legi2074/appdata/local/arduino15/packages/arduino/tools/arm-none-eabi-gcc/4.8.3-2014q1/bin/../lib/gcc/arm-none-eabi/4.8.3/armv7-m/crti.o
LOAD c:/users/legi2074/appdata/local/arduino15/packages/arduino/tools/arm-none-eabi-gcc/4.8.3-2014q1/bin/../lib/gcc/arm-none-eabi/4.8.3/armv7-m/crtbegin.o
LOAD c:/users/legi2074/appdata/local/arduino15/packages/arduino/tools/arm-none-eabi-gcc/4.8.3-2014q1/bin/../lib/gcc/arm-none-eabi/4.8.3/../../../../arm-none-eabi/lib/armv7-m/crt0.o
START GROUP
LOAD C:\Users\legi2074\AppData\Local\Temp\VMBuilds\IMU_SpinModule\arduino_due_x_dbg\IMU_SpinModule.cpp.o
LOAD C:\Users\legi2074\AppData\Local\Temp\VMBuilds\IMU_SpinModule\arduino_due_x_dbg\Wire\Wire.cpp.o
LOAD C:\Users\legi2074\AppData\Local\Temp\VMBuilds\IMU_SpinModule\arduino_due_x_dbg\SPI\SPI.cpp.o
LOAD C:\Users\legi2074\AppData\Local\Temp\VMBuilds\IMU_SpinModule\arduino_due_x_dbg\LSM9DS1\SparkFunLSM9DS1.cpp.o
LOAD C:\Users\legi2074\AppData\Local\Temp\VMBuilds\IMU_SpinModule\arduino_due_x_dbg\SparkFunLSM9DS1.cpp.o
LOAD C:\Users\legi2074\AppData\Local\Temp\VMBuilds\IMU_SpinModule\arduino_due_x_dbg\variant\variant.cpp.o
LOAD C:\Users\legi2074\AppData\Local\arduino15\packages\arduino\hardware\sam\1.6.11\variants\arduino_due_x/libsam_sam3x8e_gcc_rel.a
LOAD C:\Users\legi2074\AppData\Local\Temp\VMBuilds\IMU_SpinModule\arduino_due_x_dbg/core.a
END GROUP
LOAD c:/users/legi2074/appdata/local/arduino15/packages/arduino/tools/arm-none-eabi-gcc/4.8.3-2014q1/bin/../lib/gcc/arm-none-eabi/4.8.3/../../../../arm-none-eabi/lib/armv7-m\libm.a
START GROUP
LOAD c:/users/legi2074/appdata/local/arduino15/packages/arduino/tools/arm-none-eabi-gcc/4.8.3-2014q1/bin/../lib/gcc/arm-none-eabi/4.8.3/armv7-m\libgcc.a
LOAD c:/users/legi2074/appdata/local/arduino15/packages/arduino/tools/arm-none-eabi-gcc/4.8.3-2014q1/bin/../lib/gcc/arm-none-eabi/4.8.3/../../../../arm-none-eabi/lib/armv7-m\libg.a
LOAD c:/users/legi2074/appdata/local/arduino15/packages/arduino/tools/arm-none-eabi-gcc/4.8.3-2014q1/bin/../lib/gcc/arm-none-eabi/4.8.3/../../../../arm-none-eabi/lib/armv7-m\libc.a
END GROUP
LOAD c:/users/legi2074/appdata/local/arduino15/packages/arduino/tools/arm-none-eabi-gcc/4.8.3-2014q1/bin/../lib/gcc/arm-none-eabi/4.8.3/armv7-m/crtend.o
LOAD c:/users/legi2074/appdata/local/arduino15/packages/arduino/tools/arm-none-eabi-gcc/4.8.3-2014q1/bin/../lib/gcc/arm-none-eabi/4.8.3/armv7-m/crtn.o

.text           0x00080000     0x88a8
                0x00080000                . = ALIGN (0x4)
                0x00080000                _sfixed = .
 *(.vectors .vectors.*)
 .vectors       0x00080000       0xf4 C:\Users\legi2074\AppData\Local\arduino15\packages\arduino\hardware\sam\1.6.11\variants\arduino_due_x/libsam_sam3x8e_gcc_rel.a(startup_sam3xa.o)
                0x00080000                exception_table
 *(.text .text.* .gnu.linkonce.t.*)
 .text          0x000800f4       0x54 c:/users/legi2074/appdata/local/arduino15/packages/arduino/tools/arm-none-eabi-gcc/4.8.3-2014q1/bin/../lib/gcc/arm-none-eabi/4.8.3/armv7-m/crtbegin.o
 .text._Z13Configure_IMUv
                0x00080148       0x48 C:\Users\legi2074\AppData\Local\Temp\VMBuilds\IMU_SpinModule\arduino_due_x_dbg\IMU_SpinModule.cpp.o
                0x00080148                Configure_IMU()
 .text.startup._GLOBAL__sub_I_imu
                0x00080190        0xc C:\Users\legi2074\AppData\Local\Temp\VMBuilds\IMU_SpinModule\arduino_due_x_dbg\IMU_SpinModule.cpp.o
 .text.setup    0x0008019c      0x140 C:\Users\legi2074\AppData\Local\Temp\VMBuilds\IMU_SpinModule\arduino_due_x_dbg\IMU_SpinModule.cpp.o
                0x0008019c                setup
 *fill*         0x000802dc        0x4 
 .text._Z9PrintDatafffi
                0x000802e0       0xa8 C:\Users\legi2074\AppData\Local\Temp\VMBuilds\IMU_SpinModule\arduino_due_x_dbg\IMU_SpinModule.cpp.o
                0x000802e0                PrintData(float, float, float, int)
 .text.loop     0x00080388      0x1e0 C:\Users\legi2074\AppData\Local\Temp\VMBuilds\IMU_SpinModule\arduino_due_x_dbg\IMU_SpinModule.cpp.o
                0x00080388                loop
 .text._ZN7TwoWire5writeEPKhj
                0x00080568       0x50 C:\Users\legi2074\AppData\Local\Temp\VMBuilds\IMU_SpinModule\arduino_due_x_dbg\Wire\Wire.cpp.o
                0x00080568                TwoWire::write(unsigned char const*, unsigned int)
 .text._ZN7TwoWire9availableEv
                0x000805b8        0xc C:\Users\legi2074\AppData\Local\Temp\VMBuilds\IMU_SpinModule\arduino_due_x_dbg\Wire\Wire.cpp.o
                0x000805b8                TwoWire::available()
 .text._ZN7TwoWire4readEv
                0x000805c4       0x1e C:\Users\legi2074\AppData\Local\Temp\VMBuilds\IMU_SpinModule\arduino_due_x_dbg\Wire\Wire.cpp.o
                0x000805c4                TwoWire::read()
 .text._ZN7TwoWire4peekEv
                0x000805e2       0x16 C:\Users\legi2074\AppData\Local\Temp\VMBuilds\IMU_SpinModule\arduino_due_x_dbg\Wire\Wire.cpp.o
                0x000805e2                TwoWire::peek()
 .text._ZN7TwoWire5flushEv
                0x000805f8        0x2 C:\Users\legi2074\AppData\Local\Temp\VMBuilds\IMU_SpinModule\arduino_due_x_dbg\Wire\Wire.cpp.o
                0x000805f8                TwoWire::flush()
 .text._ZN7TwoWire5writeEh
                0x000805fa       0x3a C:\Users\legi2074\AppData\Local\Temp\VMBuilds\IMU_SpinModule\arduino_due_x_dbg\Wire\Wire.cpp.o
                0x000805fa                TwoWire::write(unsigned char)
 .text._ZL16TWI_WaitByteSentP3Twim.constprop.3
                0x00080634       0x2c C:\Users\legi2074\AppData\Local\Temp\VMBuilds\IMU_SpinModule\arduino_due_x_dbg\Wire\Wire.cpp.o
 .text._ZL24TWI_WaitTransferCompleteP3Twim.constprop.4
                0x00080660       0x2c C:\Users\legi2074\AppData\Local\Temp\VMBuilds\IMU_SpinModule\arduino_due_x_dbg\Wire\Wire.cpp.o
 .text._ZL9Wire_Initv
                0x0008068c       0x54 C:\Users\legi2074\AppData\Local\Temp\VMBuilds\IMU_SpinModule\arduino_due_x_dbg\Wire\Wire.cpp.o
 .text._ZL12Wire1_Deinitv
                0x000806e0       0x18 C:\Users\legi2074\AppData\Local\Temp\VMBuilds\IMU_SpinModule\arduino_due_x_dbg\Wire\Wire.cpp.o
 .text._ZL11Wire_Deinitv
                0x000806f8       0x18 C:\Users\legi2074\AppData\Local\Temp\VMBuilds\IMU_SpinModule\arduino_due_x_dbg\Wire\Wire.cpp.o
 .text._ZL10Wire1_Initv
                0x00080710       0x54 C:\Users\legi2074\AppData\Local\Temp\VMBuilds\IMU_SpinModule\arduino_due_x_dbg\Wire\Wire.cpp.o
 .text._ZN7TwoWireC2EP3TwiPFvvES3_
                0x00080764       0x48 C:\Users\legi2074\AppData\Local\Temp\VMBuilds\IMU_SpinModule\arduino_due_x_dbg\Wire\Wire.cpp.o
                0x00080764                TwoWire::TwoWire(Twi*, void (*)(), void (*)())
                0x00080764                TwoWire::TwoWire(Twi*, void (*)(), void (*)())
 .text._ZN7TwoWire5beginEv
                0x000807ac       0x30 C:\Users\legi2074\AppData\Local\Temp\VMBuilds\IMU_SpinModule\arduino_due_x_dbg\Wire\Wire.cpp.o
                0x000807ac                TwoWire::begin()
 .text._ZN7TwoWire11requestFromEhhmhh
                0x000807dc       0x78 C:\Users\legi2074\AppData\Local\Temp\VMBuilds\IMU_SpinModule\arduino_due_x_dbg\Wire\Wire.cpp.o
                0x000807dc                TwoWire::requestFrom(unsigned char, unsigned char, unsigned long, unsigned char, unsigned char)
 .text._ZN7TwoWire11requestFromEhhh
                0x00080854       0x12 C:\Users\legi2074\AppData\Local\Temp\VMBuilds\IMU_SpinModule\arduino_due_x_dbg\Wire\Wire.cpp.o
                0x00080854                TwoWire::requestFrom(unsigned char, unsigned char, unsigned char)
 .text._ZN7TwoWire11requestFromEhh
                0x00080866        0x6 C:\Users\legi2074\AppData\Local\Temp\VMBuilds\IMU_SpinModule\arduino_due_x_dbg\Wire\Wire.cpp.o
                0x00080866                TwoWire::requestFrom(unsigned char, unsigned char)
 .text._ZN7TwoWire17beginTransmissionEh
                0x0008086c       0x12 C:\Users\legi2074\AppData\Local\Temp\VMBuilds\IMU_SpinModule\arduino_due_x_dbg\Wire\Wire.cpp.o
                0x0008086c                TwoWire::beginTransmission(unsigned char)
 .text._ZN7TwoWire15endTransmissionEh
                0x0008087e       0x82 C:\Users\legi2074\AppData\Local\Temp\VMBuilds\IMU_SpinModule\arduino_due_x_dbg\Wire\Wire.cpp.o
                0x0008087e                TwoWire::endTransmission(unsigned char)
 .text._ZN7TwoWire15endTransmissionEv
                0x00080900        0x6 C:\Users\legi2074\AppData\Local\Temp\VMBuilds\IMU_SpinModule\arduino_due_x_dbg\Wire\Wire.cpp.o
                0x00080900                TwoWire::endTransmission()
 .text._ZN7TwoWire9onServiceEv
                0x00080906      0x118 C:\Users\legi2074\AppData\Local\Temp\VMBuilds\IMU_SpinModule\arduino_due_x_dbg\Wire\Wire.cpp.o
                0x00080906                TwoWire::onService()
 *fill*         0x00080a1e        0x2 
 .text.TWI1_Handler
                0x00080a20        0xc C:\Users\legi2074\AppData\Local\Temp\VMBuilds\IMU_SpinModule\arduino_due_x_dbg\Wire\Wire.cpp.o
                0x00080a20                TWI1_Handler
 .text.TWI0_Handler
                0x00080a2c        0xc C:\Users\legi2074\AppData\Local\Temp\VMBuilds\IMU_SpinModule\arduino_due_x_dbg\Wire\Wire.cpp.o
                0x00080a2c                TWI0_Handler
 .text.startup._GLOBAL__sub_I__ZN7TwoWireC2EP3TwiPFvvES3_
                0x00080a38       0x40 C:\Users\legi2074\AppData\Local\Temp\VMBuilds\IMU_SpinModule\arduino_due_x_dbg\Wire\Wire.cpp.o
 .text._ZL10SPI_0_Initv
                0x00080a78       0x48 C:\Users\legi2074\AppData\Local\Temp\VMBuilds\IMU_SpinModule\arduino_due_x_dbg\SPI\SPI.cpp.o
 .text._ZN8SPIClass4initEv
                0x00080ac0       0x36 C:\Users\legi2074\AppData\Local\Temp\VMBuilds\IMU_SpinModule\arduino_due_x_dbg\SPI\SPI.cpp.o
                0x00080ac0                SPIClass::init()
 .text._ZN8SPIClass11setBitOrderEh8BitOrder
                0x00080af6       0x1e C:\Users\legi2074\AppData\Local\Temp\VMBuilds\IMU_SpinModule\arduino_due_x_dbg\SPI\SPI.cpp.o
                0x00080af6                SPIClass::setBitOrder(unsigned char, BitOrder)
 .text._ZN8SPIClass11setDataModeEhh
                0x00080b14       0x34 C:\Users\legi2074\AppData\Local\Temp\VMBuilds\IMU_SpinModule\arduino_due_x_dbg\SPI\SPI.cpp.o
                0x00080b14                SPIClass::setDataMode(unsigned char, unsigned char)
 .text._ZN8SPIClass15setClockDividerEhh
                0x00080b48       0x2e C:\Users\legi2074\AppData\Local\Temp\VMBuilds\IMU_SpinModule\arduino_due_x_dbg\SPI\SPI.cpp.o
                0x00080b48                SPIClass::setClockDivider(unsigned char, unsigned char)
 .text._ZN8SPIClass5beginEv
                0x00080b76       0x22 C:\Users\legi2074\AppData\Local\Temp\VMBuilds\IMU_SpinModule\arduino_due_x_dbg\SPI\SPI.cpp.o
                0x00080b76                SPIClass::begin()
 .text._ZN8SPIClass8transferEhh15SPITransferMode
                0x00080b98       0x5e C:\Users\legi2074\AppData\Local\Temp\VMBuilds\IMU_SpinModule\arduino_due_x_dbg\SPI\SPI.cpp.o
                0x00080b98                SPIClass::transfer(unsigned char, unsigned char, SPITransferMode)
 *fill*         0x00080bf6        0x2 
 .text.startup._GLOBAL__sub_I__ZN8SPIClassC2EP3SpimPFvvE
                0x00080bf8       0x24 C:\Users\legi2074\AppData\Local\Temp\VMBuilds\IMU_SpinModule\arduino_due_x_dbg\SPI\SPI.cpp.o
 .text._ZN7LSM9DS14initE14interface_modehh
                0x00080c1c       0x9a C:\Users\legi2074\AppData\Local\Temp\VMBuilds\IMU_SpinModule\arduino_due_x_dbg\LSM9DS1\SparkFunLSM9DS1.cpp.o
                0x00080c1c                LSM9DS1::init(interface_mode, unsigned char, unsigned char)
 .text._ZN7LSM9DS1C2Ev
                0x00080cb6       0x12 C:\Users\legi2074\AppData\Local\Temp\VMBuilds\IMU_SpinModule\arduino_due_x_dbg\LSM9DS1\SparkFunLSM9DS1.cpp.o
                0x00080cb6                LSM9DS1::LSM9DS1()
                0x00080cb6                LSM9DS1::LSM9DS1()
 .text._ZN7LSM9DS18calcGyroEs
                0x00080cc8       0x12 C:\Users\legi2074\AppData\Local\Temp\VMBuilds\IMU_SpinModule\arduino_due_x_dbg\LSM9DS1\SparkFunLSM9DS1.cpp.o
                0x00080cc8                LSM9DS1::calcGyro(short)
 .text._ZN7LSM9DS18calcgResEv
                0x00080cda       0x16 C:\Users\legi2074\AppData\Local\Temp\VMBuilds\IMU_SpinModule\arduino_due_x_dbg\LSM9DS1\SparkFunLSM9DS1.cpp.o
                0x00080cda                LSM9DS1::calcgRes()
 .text._ZN7LSM9DS18calcaResEv
                0x00080cf0       0x16 C:\Users\legi2074\AppData\Local\Temp\VMBuilds\IMU_SpinModule\arduino_due_x_dbg\LSM9DS1\SparkFunLSM9DS1.cpp.o
                0x00080cf0                LSM9DS1::calcaRes()
 *fill*         0x00080d06        0x2 
 .text._ZN7LSM9DS18calcmResEv
                0x00080d08       0x3c C:\Users\legi2074\AppData\Local\Temp\VMBuilds\IMU_SpinModule\arduino_due_x_dbg\LSM9DS1\SparkFunLSM9DS1.cpp.o
                0x00080d08                LSM9DS1::calcmRes()
 .text._ZN7LSM9DS115constrainScalesEv
                0x00080d44       0x48 C:\Users\legi2074\AppData\Local\Temp\VMBuilds\IMU_SpinModule\arduino_due_x_dbg\LSM9DS1\SparkFunLSM9DS1.cpp.o
                0x00080d44                LSM9DS1::constrainScales()
 .text._ZN7LSM9DS17initSPIEv
                0x00080d8c       0x5c C:\Users\legi2074\AppData\Local\Temp\VMBuilds\IMU_SpinModule\arduino_due_x_dbg\LSM9DS1\SparkFunLSM9DS1.cpp.o
                0x00080d8c                LSM9DS1::initSPI()
 .text._ZN7LSM9DS112SPIwriteByteEhhh
                0x00080de8       0x3c C:\Users\legi2074\AppData\Local\Temp\VMBuilds\IMU_SpinModule\arduino_due_x_dbg\LSM9DS1\SparkFunLSM9DS1.cpp.o
                0x00080de8                LSM9DS1::SPIwriteByte(unsigned char, unsigned char, unsigned char)
 .text._ZN7LSM9DS112SPIreadBytesEhhPhh
                0x00080e24       0x60 C:\Users\legi2074\AppData\Local\Temp\VMBuilds\IMU_SpinModule\arduino_due_x_dbg\LSM9DS1\SparkFunLSM9DS1.cpp.o
                0x00080e24                LSM9DS1::SPIreadBytes(unsigned char, unsigned char, unsigned char*, unsigned char)
 .text._ZN7LSM9DS111SPIreadByteEhh
                0x00080e84       0x18 C:\Users\legi2074\AppData\Local\Temp\VMBuilds\IMU_SpinModule\arduino_due_x_dbg\LSM9DS1\SparkFunLSM9DS1.cpp.o
                0x00080e84                LSM9DS1::SPIreadByte(unsigned char, unsigned char)
 .text._ZN7LSM9DS112I2CwriteByteEhhh
                0x00080e9c       0x2c C:\Users\legi2074\AppData\Local\Temp\VMBuilds\IMU_SpinModule\arduino_due_x_dbg\LSM9DS1\SparkFunLSM9DS1.cpp.o
                0x00080e9c                LSM9DS1::I2CwriteByte(unsigned char, unsigned char, unsigned char)
 .text._ZN7LSM9DS111xgWriteByteEhh
                0x00080ec8       0x2c C:\Users\legi2074\AppData\Local\Temp\VMBuilds\IMU_SpinModule\arduino_due_x_dbg\LSM9DS1\SparkFunLSM9DS1.cpp.o
                0x00080ec8                LSM9DS1::xgWriteByte(unsigned char, unsigned char)
 .text._ZN7LSM9DS18initGyroEv
                0x00080ef4       0xb6 C:\Users\legi2074\AppData\Local\Temp\VMBuilds\IMU_SpinModule\arduino_due_x_dbg\LSM9DS1\SparkFunLSM9DS1.cpp.o
                0x00080ef4                LSM9DS1::initGyro()
 .text._ZN7LSM9DS19initAccelEv
                0x00080faa       0x86 C:\Users\legi2074\AppData\Local\Temp\VMBuilds\IMU_SpinModule\arduino_due_x_dbg\LSM9DS1\SparkFunLSM9DS1.cpp.o
                0x00080faa                LSM9DS1::initAccel()
 .text._ZN7LSM9DS110mWriteByteEhh
                0x00081030       0x2c C:\Users\legi2074\AppData\Local\Temp\VMBuilds\IMU_SpinModule\arduino_due_x_dbg\LSM9DS1\SparkFunLSM9DS1.cpp.o
                0x00081030                LSM9DS1::mWriteByte(unsigned char, unsigned char)
 .text._ZN7LSM9DS17initMagEv
                0x0008105c       0x8c C:\Users\legi2074\AppData\Local\Temp\VMBuilds\IMU_SpinModule\arduino_due_x_dbg\LSM9DS1\SparkFunLSM9DS1.cpp.o
                0x0008105c                LSM9DS1::initMag()
 .text._ZN7LSM9DS111I2CreadByteEhh
                0x000810e8       0x58 C:\Users\legi2074\AppData\Local\Temp\VMBuilds\IMU_SpinModule\arduino_due_x_dbg\LSM9DS1\SparkFunLSM9DS1.cpp.o
                0x000810e8                LSM9DS1::I2CreadByte(unsigned char, unsigned char)
 .text._ZN7LSM9DS110xgReadByteEh
                0x00081140       0x1c C:\Users\legi2074\AppData\Local\Temp\VMBuilds\IMU_SpinModule\arduino_due_x_dbg\LSM9DS1\SparkFunLSM9DS1.cpp.o
                0x00081140                LSM9DS1::xgReadByte(unsigned char)
 .text._ZN7LSM9DS19mReadByteEh
                0x0008115c       0x1c C:\Users\legi2074\AppData\Local\Temp\VMBuilds\IMU_SpinModule\arduino_due_x_dbg\LSM9DS1\SparkFunLSM9DS1.cpp.o
                0x0008115c                LSM9DS1::mReadByte(unsigned char)
 .text._ZN7LSM9DS15beginEv
                0x00081178       0x7c C:\Users\legi2074\AppData\Local\Temp\VMBuilds\IMU_SpinModule\arduino_due_x_dbg\LSM9DS1\SparkFunLSM9DS1.cpp.o
                0x00081178                LSM9DS1::begin()
 .text._ZN7LSM9DS112I2CreadBytesEhhPhh
                0x000811f4       0x80 C:\Users\legi2074\AppData\Local\Temp\VMBuilds\IMU_SpinModule\arduino_due_x_dbg\LSM9DS1\SparkFunLSM9DS1.cpp.o
                0x000811f4                LSM9DS1::I2CreadBytes(unsigned char, unsigned char, unsigned char*, unsigned char)
 .text._ZN7LSM9DS111xgReadBytesEhPhh
                0x00081274       0x30 C:\Users\legi2074\AppData\Local\Temp\VMBuilds\IMU_SpinModule\arduino_due_x_dbg\LSM9DS1\SparkFunLSM9DS1.cpp.o
                0x00081274                LSM9DS1::xgReadBytes(unsigned char, unsigned char*, unsigned char)
 .text._ZN7LSM9DS18readGyroEv
                0x000812a4       0x5a C:\Users\legi2074\AppData\Local\Temp\VMBuilds\IMU_SpinModule\arduino_due_x_dbg\LSM9DS1\SparkFunLSM9DS1.cpp.o
                0x000812a4                LSM9DS1::readGyro()
 .text._Z11serialEventv
                0x000812fe        0x2 C:\Users\legi2074\AppData\Local\Temp\VMBuilds\IMU_SpinModule\arduino_due_x_dbg\variant\variant.cpp.o
                0x000812fe                serialEvent()
 .text.UART_Handler
                0x00081300        0xc C:\Users\legi2074\AppData\Local\Temp\VMBuilds\IMU_SpinModule\arduino_due_x_dbg\variant\variant.cpp.o
                0x00081300                UART_Handler
 .text._Z12serialEvent1v
                0x0008130c        0x2 C:\Users\legi2074\AppData\Local\Temp\VMBuilds\IMU_SpinModule\arduino_due_x_dbg\variant\variant.cpp.o
                0x0008130c                serialEvent1()
 .text._Z12serialEvent2v
                0x0008130e        0x2 C:\Users\legi2074\AppData\Local\Temp\VMBuilds\IMU_SpinModule\arduino_due_x_dbg\variant\variant.cpp.o
                0x0008130e                serialEvent2()
 .text._Z12serialEvent3v
                0x00081310        0x2 C:\Users\legi2074\AppData\Local\Temp\VMBuilds\IMU_SpinModule\arduino_due_x_dbg\variant\variant.cpp.o
                0x00081310                serialEvent3()
 *fill*         0x00081312        0x2 
 .text.USART0_Handler
                0x00081314        0xc C:\Users\legi2074\AppData\Local\Temp\VMBuilds\IMU_SpinModule\arduino_due_x_dbg\variant\variant.cpp.o
                0x00081314                USART0_Handler
 .text.USART1_Handler
                0x00081320        0xc C:\Users\legi2074\AppData\Local\Temp\VMBuilds\IMU_SpinModule\arduino_due_x_dbg\variant\variant.cpp.o
                0x00081320                USART1_Handler
 .text.USART3_Handler
                0x0008132c        0xc C:\Users\legi2074\AppData\Local\Temp\VMBuilds\IMU_SpinModule\arduino_due_x_dbg\variant\variant.cpp.o
                0x0008132c                USART3_Handler
 .text.init     0x00081338      0x128 C:\Users\legi2074\AppData\Local\Temp\VMBuilds\IMU_SpinModule\arduino_due_x_dbg\variant\variant.cpp.o
                0x00081338                init
 .text.startup._GLOBAL__sub_I_g_APinDescription
                0x00081460       0xd4 C:\Users\legi2074\AppData\Local\Temp\VMBuilds\IMU_SpinModule\arduino_due_x_dbg\variant\variant.cpp.o
 .text._Z14serialEventRunv
                0x00081534       0x44 C:\Users\legi2074\AppData\Local\Temp\VMBuilds\IMU_SpinModule\arduino_due_x_dbg\variant\variant.cpp.o
                0x00081534                serialEventRun()
 .text.PIO_PullUp
                0x00081578        0xa C:\Users\legi2074\AppData\Local\arduino15\packages\arduino\hardware\sam\1.6.11\variants\arduino_due_x/libsam_sam3x8e_gcc_rel.a(pio.o)
                0x00081578                PIO_PullUp
 .text.PIO_SetPeripheral
                0x00081582       0x26 C:\Users\legi2074\AppData\Local\arduino15\packages\arduino\hardware\sam\1.6.11\variants\arduino_due_x/libsam_sam3x8e_gcc_rel.a(pio.o)
                0x00081582                PIO_SetPeripheral
 .text.PIO_SetInput
                0x000815a8       0x26 C:\Users\legi2074\AppData\Local\arduino15\packages\arduino\hardware\sam\1.6.11\variants\arduino_due_x/libsam_sam3x8e_gcc_rel.a(pio.o)
                0x000815a8                PIO_SetInput
 .text.PIO_SetOutput
                0x000815ce       0x24 C:\Users\legi2074\AppData\Local\arduino15\packages\arduino\hardware\sam\1.6.11\variants\arduino_due_x/libsam_sam3x8e_gcc_rel.a(pio.o)
                0x000815ce                PIO_SetOutput
 *fill*         0x000815f2        0x2 
 .text.PIO_Configure
                0x000815f4       0x64 C:\Users\legi2074\AppData\Local\arduino15\packages\arduino\hardware\sam\1.6.11\variants\arduino_due_x/libsam_sam3x8e_gcc_rel.a(pio.o)
                0x000815f4                PIO_Configure
 .text.PIO_GetOutputDataStatus
                0x00081658       0x14 C:\Users\legi2074\AppData\Local\arduino15\packages\arduino\hardware\sam\1.6.11\variants\arduino_due_x/libsam_sam3x8e_gcc_rel.a(pio.o)
                0x00081658                PIO_GetOutputDataStatus
 .text.pmc_enable_upll_clock
                0x0008166c       0x14 C:\Users\legi2074\AppData\Local\arduino15\packages\arduino\hardware\sam\1.6.11\variants\arduino_due_x/libsam_sam3x8e_gcc_rel.a(pmc.o)
                0x0008166c                pmc_enable_upll_clock
 .text.pmc_enable_periph_clk
                0x00081680       0x44 C:\Users\legi2074\AppData\Local\arduino15\packages\arduino\hardware\sam\1.6.11\variants\arduino_due_x/libsam_sam3x8e_gcc_rel.a(pmc.o)
                0x00081680                pmc_enable_periph_clk
 .text.pmc_disable_periph_clk
                0x000816c4       0x40 C:\Users\legi2074\AppData\Local\arduino15\packages\arduino\hardware\sam\1.6.11\variants\arduino_due_x/libsam_sam3x8e_gcc_rel.a(pmc.o)
                0x000816c4                pmc_disable_periph_clk
 .text.pmc_switch_udpck_to_upllck
                0x00081704       0x14 C:\Users\legi2074\AppData\Local\arduino15\packages\arduino\hardware\sam\1.6.11\variants\arduino_due_x/libsam_sam3x8e_gcc_rel.a(pmc.o)
                0x00081704                pmc_switch_udpck_to_upllck
 .text.pmc_enable_udpck
                0x00081718        0xc C:\Users\legi2074\AppData\Local\arduino15\packages\arduino\hardware\sam\1.6.11\variants\arduino_due_x/libsam_sam3x8e_gcc_rel.a(pmc.o)
                0x00081718                pmc_enable_udpck
 .text.SPI_Enable
                0x00081724        0x6 C:\Users\legi2074\AppData\Local\arduino15\packages\arduino\hardware\sam\1.6.11\variants\arduino_due_x/libsam_sam3x8e_gcc_rel.a(spi.o)
                0x00081724                SPI_Enable
 *fill*         0x0008172a        0x2 
 .text.SPI_Configure
                0x0008172c       0x20 C:\Users\legi2074\AppData\Local\arduino15\packages\arduino\hardware\sam\1.6.11\variants\arduino_due_x/libsam_sam3x8e_gcc_rel.a(spi.o)
                0x0008172c                SPI_Configure
 .text.SPI_ConfigureNPCS
                0x0008174c        0x8 C:\Users\legi2074\AppData\Local\arduino15\packages\arduino\hardware\sam\1.6.11\variants\arduino_due_x/libsam_sam3x8e_gcc_rel.a(spi.o)
                0x0008174c                SPI_ConfigureNPCS
 .text.TWI_SetClock
                0x00081754       0x58 C:\Users\legi2074\AppData\Local\arduino15\packages\arduino\hardware\sam\1.6.11\variants\arduino_due_x/libsam_sam3x8e_gcc_rel.a(twi.o)
                0x00081754                TWI_SetClock
 .text.TWI_Disable
                0x000817ac       0x2c C:\Users\legi2074\AppData\Local\arduino15\packages\arduino\hardware\sam\1.6.11\variants\arduino_due_x/libsam_sam3x8e_gcc_rel.a(twi.o)
                0x000817ac                TWI_Disable
 .text.TWI_ConfigureMaster
                0x000817d8       0x48 C:\Users\legi2074\AppData\Local\arduino15\packages\arduino\hardware\sam\1.6.11\variants\arduino_due_x/libsam_sam3x8e_gcc_rel.a(twi.o)
                0x000817d8                TWI_ConfigureMaster
 .text.TWI_Stop
                0x00081820       0x28 C:\Users\legi2074\AppData\Local\arduino15\packages\arduino\hardware\sam\1.6.11\variants\arduino_due_x/libsam_sam3x8e_gcc_rel.a(twi.o)
                0x00081820                TWI_Stop
 .text.TWI_StartRead
                0x00081848       0x70 C:\Users\legi2074\AppData\Local\arduino15\packages\arduino\hardware\sam\1.6.11\variants\arduino_due_x/libsam_sam3x8e_gcc_rel.a(twi.o)
                0x00081848                TWI_StartRead
 .text.TWI_ReadByte
                0x000818b8       0x28 C:\Users\legi2074\AppData\Local\arduino15\packages\arduino\hardware\sam\1.6.11\variants\arduino_due_x/libsam_sam3x8e_gcc_rel.a(twi.o)
                0x000818b8                TWI_ReadByte
 .text.TWI_WriteByte
                0x000818e0       0x24 C:\Users\legi2074\AppData\Local\arduino15\packages\arduino\hardware\sam\1.6.11\variants\arduino_due_x/libsam_sam3x8e_gcc_rel.a(twi.o)
                0x000818e0                TWI_WriteByte
 .text.TWI_StartWrite
                0x00081904       0x7c C:\Users\legi2074\AppData\Local\arduino15\packages\arduino\hardware\sam\1.6.11\variants\arduino_due_x/libsam_sam3x8e_gcc_rel.a(twi.o)
                0x00081904                TWI_StartWrite
 .text.TWI_EnableIt
                0x00081980       0x40 C:\Users\legi2074\AppData\Local\arduino15\packages\arduino\hardware\sam\1.6.11\variants\arduino_due_x/libsam_sam3x8e_gcc_rel.a(twi.o)
                0x00081980                TWI_EnableIt
 .text.TWI_DisableIt
                0x000819c0       0x40 C:\Users\legi2074\AppData\Local\arduino15\packages\arduino\hardware\sam\1.6.11\variants\arduino_due_x/libsam_sam3x8e_gcc_rel.a(twi.o)
                0x000819c0                TWI_DisableIt
 .text.TWI_GetStatus
                0x00081a00       0x28 C:\Users\legi2074\AppData\Local\arduino15\packages\arduino\hardware\sam\1.6.11\variants\arduino_due_x/libsam_sam3x8e_gcc_rel.a(twi.o)
                0x00081a00                TWI_GetStatus
 .text.TWI_SendSTOPCondition
                0x00081a28       0x2c C:\Users\legi2074\AppData\Local\arduino15\packages\arduino\hardware\sam\1.6.11\variants\arduino_due_x/libsam_sam3x8e_gcc_rel.a(twi.o)
                0x00081a28                TWI_SendSTOPCondition
 .text.SystemInit
                0x00081a54       0x88 C:\Users\legi2074\AppData\Local\arduino15\packages\arduino\hardware\sam\1.6.11\variants\arduino_due_x/libsam_sam3x8e_gcc_rel.a(system_sam3xa.o)
                0x00081a54                SystemInit
 .text.Reset_Handler
                0x00081adc       0x78 C:\Users\legi2074\AppData\Local\arduino15\packages\arduino\hardware\sam\1.6.11\variants\arduino_due_x/libsam_sam3x8e_gcc_rel.a(startup_sam3xa.o)
                0x00081adc                Reset_Handler
 .text.adc_init
                0x00081b54       0x98 C:\Users\legi2074\AppData\Local\arduino15\packages\arduino\hardware\sam\1.6.11\variants\arduino_due_x/libsam_sam3x8e_gcc_rel.a(adc.o)
                0x00081b54                adc_init
 .text.adc_configure_trigger
                0x00081bec        0xe C:\Users\legi2074\AppData\Local\arduino15\packages\arduino\hardware\sam\1.6.11\variants\arduino_due_x/libsam_sam3x8e_gcc_rel.a(adc.o)
                0x00081bec                adc_configure_trigger
 .text.adc_configure_timing
                0x00081bfa       0x1a C:\Users\legi2074\AppData\Local\arduino15\packages\arduino\hardware\sam\1.6.11\variants\arduino_due_x/libsam_sam3x8e_gcc_rel.a(adc.o)
                0x00081bfa                adc_configure_timing
 .text.adc_start
                0x00081c14        0x6 C:\Users\legi2074\AppData\Local\arduino15\packages\arduino\hardware\sam\1.6.11\variants\arduino_due_x/libsam_sam3x8e_gcc_rel.a(adc.o)
                0x00081c14                adc_start
 .text.adc_enable_channel
                0x00081c1a        0xa C:\Users\legi2074\AppData\Local\arduino15\packages\arduino\hardware\sam\1.6.11\variants\arduino_due_x/libsam_sam3x8e_gcc_rel.a(adc.o)
                0x00081c1a                adc_enable_channel
 .text.adc_disable_channel
                0x00081c24        0xa C:\Users\legi2074\AppData\Local\arduino15\packages\arduino\hardware\sam\1.6.11\variants\arduino_due_x/libsam_sam3x8e_gcc_rel.a(adc.o)
                0x00081c24                adc_disable_channel
 .text.adc_disable_all_channel
                0x00081c2e        0x8 C:\Users\legi2074\AppData\Local\arduino15\packages\arduino\hardware\sam\1.6.11\variants\arduino_due_x/libsam_sam3x8e_gcc_rel.a(adc.o)
                0x00081c2e                adc_disable_all_channel
 .text.adc_get_channel_status
                0x00081c36        0xa C:\Users\legi2074\AppData\Local\arduino15\packages\arduino\hardware\sam\1.6.11\variants\arduino_due_x/libsam_sam3x8e_gcc_rel.a(adc.o)
                0x00081c36                adc_get_channel_status
 .text.adc_get_latest_value
                0x00081c40        0x4 C:\Users\legi2074\AppData\Local\arduino15\packages\arduino\hardware\sam\1.6.11\variants\arduino_due_x/libsam_sam3x8e_gcc_rel.a(adc.o)
                0x00081c40                adc_get_latest_value
 .text.adc_disable_interrupt
                0x00081c44        0x4 C:\Users\legi2074\AppData\Local\arduino15\packages\arduino\hardware\sam\1.6.11\variants\arduino_due_x/libsam_sam3x8e_gcc_rel.a(adc.o)
                0x00081c44                adc_disable_interrupt
 .text.adc_get_status
                0x00081c48        0x4 C:\Users\legi2074\AppData\Local\arduino15\packages\arduino\hardware\sam\1.6.11\variants\arduino_due_x/libsam_sam3x8e_gcc_rel.a(adc.o)
                0x00081c48                adc_get_status
 .text.UOTGHS_Handler
                0x00081c4c       0x10 C:\Users\legi2074\AppData\Local\arduino15\packages\arduino\hardware\sam\1.6.11\variants\arduino_due_x/libsam_sam3x8e_gcc_rel.a(uotghs.o)
                0x00081c4c                UOTGHS_Handler
 .text.__halt   0x00081c5c        0x2 C:\Users\legi2074\AppData\Local\Temp\VMBuilds\IMU_SpinModule\arduino_due_x_dbg/core.a(cortex_handlers.c.o)
                0x00081c5c                DACC_Handler
                0x00081c5c                DebugMon_Handler
                0x00081c5c                DMAC_Handler
                0x00081c5c                TRNG_Handler
                0x00081c5c                HardFault_Handler
                0x00081c5c                TC2_Handler
                0x00081c5c                NMI_Handler
                0x00081c5c                TC7_Handler
                0x00081c5c                ADC_Handler
                0x00081c5c                SMC_Handler
                0x00081c5c                RTT_Handler
                0x00081c5c                EFC1_Handler
                0x00081c5c                PIOB_Handler
                0x00081c5c                RTC_Handler
                0x00081c5c                UsageFault_Handler
                0x00081c5c                TC6_Handler
                0x00081c5c                WDT_Handler
                0x00081c5c                CAN0_Handler
                0x00081c5c                TC4_Handler
                0x00081c5c                TC1_Handler
                0x00081c5c                HSMCI_Handler
                0x00081c5c                TC3_Handler
                0x00081c5c                PIOA_Handler
                0x00081c5c                SSC_Handler
                0x00081c5c                EFC0_Handler
                0x00081c5c                PMC_Handler
                0x00081c5c                PWM_Handler
                0x00081c5c                CAN1_Handler
                0x00081c5c                MemManage_Handler
                0x00081c5c                SUPC_Handler
                0x00081c5c                TC8_Handler
                0x00081c5c                USART2_Handler
                0x00081c5c                PIOD_Handler
                0x00081c5c                EMAC_Handler
                0x00081c5c                PIOC_Handler
                0x00081c5c                BusFault_Handler
                0x00081c5c                RSTC_Handler
                0x00081c5c                TC0_Handler
                0x00081c5c                TC5_Handler
                0x00081c5c                SPI0_Handler
 .text.SVC_Handler
                0x00081c5e        0x4 C:\Users\legi2074\AppData\Local\Temp\VMBuilds\IMU_SpinModule\arduino_due_x_dbg/core.a(cortex_handlers.c.o)
                0x00081c5e                SVC_Handler
 .text.PendSV_Handler
                0x00081c62        0x4 C:\Users\legi2074\AppData\Local\Temp\VMBuilds\IMU_SpinModule\arduino_due_x_dbg/core.a(cortex_handlers.c.o)
                0x00081c62                PendSV_Handler
 .text.SysTick_Handler
                0x00081c66       0x16 C:\Users\legi2074\AppData\Local\Temp\VMBuilds\IMU_SpinModule\arduino_due_x_dbg/core.a(cortex_handlers.c.o)
                0x00081c66                SysTick_Handler
 .text.__empty  0x00081c7c        0x2 C:\Users\legi2074\AppData\Local\Temp\VMBuilds\IMU_SpinModule\arduino_due_x_dbg/core.a(hooks.c.o)
                0x00081c7c                yield
 .text.__false  0x00081c7e        0x4 C:\Users\legi2074\AppData\Local\Temp\VMBuilds\IMU_SpinModule\arduino_due_x_dbg/core.a(hooks.c.o)
                0x00081c7e                sysTickHook
 .text.__halt   0x00081c82        0x2 C:\Users\legi2074\AppData\Local\Temp\VMBuilds\IMU_SpinModule\arduino_due_x_dbg/core.a(hooks.c.o)
                0x00081c82                svcHook
                0x00081c82                pendSVHook
 .text._sbrk    0x00081c84       0x1c C:\Users\legi2074\AppData\Local\Temp\VMBuilds\IMU_SpinModule\arduino_due_x_dbg/core.a(syscalls_sam3.c.o)
                0x00081c84                _sbrk
 .text.link     0x00081ca0        0x6 C:\Users\legi2074\AppData\Local\Temp\VMBuilds\IMU_SpinModule\arduino_due_x_dbg/core.a(syscalls_sam3.c.o)
                0x00081ca0                link
 .text._close   0x00081ca6        0x6 C:\Users\legi2074\AppData\Local\Temp\VMBuilds\IMU_SpinModule\arduino_due_x_dbg/core.a(syscalls_sam3.c.o)
                0x00081ca6                _close
 .text._fstat   0x00081cac        0xa C:\Users\legi2074\AppData\Local\Temp\VMBuilds\IMU_SpinModule\arduino_due_x_dbg/core.a(syscalls_sam3.c.o)
                0x00081cac                _fstat
 .text._isatty  0x00081cb6        0x4 C:\Users\legi2074\AppData\Local\Temp\VMBuilds\IMU_SpinModule\arduino_due_x_dbg/core.a(syscalls_sam3.c.o)
                0x00081cb6                _isatty
 .text._lseek   0x00081cba        0x4 C:\Users\legi2074\AppData\Local\Temp\VMBuilds\IMU_SpinModule\arduino_due_x_dbg/core.a(syscalls_sam3.c.o)
                0x00081cba                _lseek
 .text._read    0x00081cbe        0x4 C:\Users\legi2074\AppData\Local\Temp\VMBuilds\IMU_SpinModule\arduino_due_x_dbg/core.a(syscalls_sam3.c.o)
                0x00081cbe                _read
 *fill*         0x00081cc2        0x2 
 .text._write   0x00081cc4       0x24 C:\Users\legi2074\AppData\Local\Temp\VMBuilds\IMU_SpinModule\arduino_due_x_dbg/core.a(syscalls_sam3.c.o)
                0x00081cc4                _write
 .text._exit    0x00081ce8       0x10 C:\Users\legi2074\AppData\Local\Temp\VMBuilds\IMU_SpinModule\arduino_due_x_dbg/core.a(syscalls_sam3.c.o)
                0x00081ce8                _exit
 .text._kill    0x00081cf8        0x2 C:\Users\legi2074\AppData\Local\Temp\VMBuilds\IMU_SpinModule\arduino_due_x_dbg/core.a(syscalls_sam3.c.o)
                0x00081cf8                _kill
 .text._getpid  0x00081cfa        0x6 C:\Users\legi2074\AppData\Local\Temp\VMBuilds\IMU_SpinModule\arduino_due_x_dbg/core.a(syscalls_sam3.c.o)
                0x00081cfa                _getpid
 .text.millis   0x00081d00        0x4 C:\Users\legi2074\AppData\Local\Temp\VMBuilds\IMU_SpinModule\arduino_due_x_dbg/core.a(wiring.c.o)
                0x00081d00                millis
 .text.micros   0x00081d04       0x74 C:\Users\legi2074\AppData\Local\Temp\VMBuilds\IMU_SpinModule\arduino_due_x_dbg/core.a(wiring.c.o)
                0x00081d04                micros
 .text.delay    0x00081d78       0x1c C:\Users\legi2074\AppData\Local\Temp\VMBuilds\IMU_SpinModule\arduino_due_x_dbg/core.a(wiring.c.o)
                0x00081d78                delay
 .text.mapResolution
                0x00081d94       0x12 C:\Users\legi2074\AppData\Local\Temp\VMBuilds\IMU_SpinModule\arduino_due_x_dbg/core.a(wiring_analog.c.o)
 *fill*         0x00081da6        0x2 
 .text.analogReadResolution
                0x00081da8        0xc C:\Users\legi2074\AppData\Local\Temp\VMBuilds\IMU_SpinModule\arduino_due_x_dbg/core.a(wiring_analog.c.o)
                0x00081da8                analogReadResolution
 .text.analogWriteResolution
                0x00081db4        0xc C:\Users\legi2074\AppData\Local\Temp\VMBuilds\IMU_SpinModule\arduino_due_x_dbg/core.a(wiring_analog.c.o)
                0x00081db4                analogWriteResolution
 .text.analogRead
                0x00081dc0       0x9c C:\Users\legi2074\AppData\Local\Temp\VMBuilds\IMU_SpinModule\arduino_due_x_dbg/core.a(wiring_analog.c.o)
                0x00081dc0                analogRead
 .text.analogOutputInit
                0x00081e5c        0x2 C:\Users\legi2074\AppData\Local\Temp\VMBuilds\IMU_SpinModule\arduino_due_x_dbg/core.a(wiring_analog.c.o)
                0x00081e5c                analogOutputInit
 *fill*         0x00081e5e        0x2 
 .text.analogWrite
                0x00081e60      0x2c0 C:\Users\legi2074\AppData\Local\Temp\VMBuilds\IMU_SpinModule\arduino_due_x_dbg/core.a(wiring_analog.c.o)
                0x00081e60                analogWrite
 .text.pinMode  0x00082120      0x108 C:\Users\legi2074\AppData\Local\Temp\VMBuilds\IMU_SpinModule\arduino_due_x_dbg/core.a(wiring_digital.c.o)
                0x00082120                pinMode
 .text.digitalWrite
                0x00082228       0x70 C:\Users\legi2074\AppData\Local\Temp\VMBuilds\IMU_SpinModule\arduino_due_x_dbg/core.a(wiring_digital.c.o)
                0x00082228                digitalWrite
 .text.initVariant
                0x00082298        0x2 C:\Users\legi2074\AppData\Local\Temp\VMBuilds\IMU_SpinModule\arduino_due_x_dbg/core.a(main.cpp.o)
                0x00082298                initVariant
 *fill*         0x0008229a        0x2 
 .text.startup.main
                0x0008229c       0x38 C:\Users\legi2074\AppData\Local\Temp\VMBuilds\IMU_SpinModule\arduino_due_x_dbg/core.a(main.cpp.o)
                0x0008229c                main
 .text._ZN5Print5writeEPKhj
                0x000822d4       0x22 C:\Users\legi2074\AppData\Local\Temp\VMBuilds\IMU_SpinModule\arduino_due_x_dbg/core.a(Print.cpp.o)
                0x000822d4                Print::write(unsigned char const*, unsigned int)
 .text._ZN5Print5writeEPKc
                0x000822f6       0x1e C:\Users\legi2074\AppData\Local\Temp\VMBuilds\IMU_SpinModule\arduino_due_x_dbg/core.a(Print.cpp.o)
                0x000822f6                Print::write(char const*)
 .text._ZN5Print5printEPKc
                0x00082314        0x8 C:\Users\legi2074\AppData\Local\Temp\VMBuilds\IMU_SpinModule\arduino_due_x_dbg/core.a(Print.cpp.o)
                0x00082314                Print::print(char const*)
 .text._ZN5Print5printEc
                0x0008231c        0xa C:\Users\legi2074\AppData\Local\Temp\VMBuilds\IMU_SpinModule\arduino_due_x_dbg/core.a(Print.cpp.o)
                0x0008231c                Print::print(char)
 *fill*         0x00082326        0x2 
 .text._ZN5Print7printlnEv
                0x00082328       0x10 C:\Users\legi2074\AppData\Local\Temp\VMBuilds\IMU_SpinModule\arduino_due_x_dbg/core.a(Print.cpp.o)
                0x00082328                Print::println()
 .text._ZN5Print7printlnEPKc
                0x00082338       0x14 C:\Users\legi2074\AppData\Local\Temp\VMBuilds\IMU_SpinModule\arduino_due_x_dbg/core.a(Print.cpp.o)
                0x00082338                Print::println(char const*)
 .text._ZN5Print11printNumberEmh
                0x0008234c       0x3e C:\Users\legi2074\AppData\Local\Temp\VMBuilds\IMU_SpinModule\arduino_due_x_dbg/core.a(Print.cpp.o)
                0x0008234c                Print::printNumber(unsigned long, unsigned char)
 .text._ZN5Print5printEli
                0x0008238a       0x3c C:\Users\legi2074\AppData\Local\Temp\VMBuilds\IMU_SpinModule\arduino_due_x_dbg/core.a(Print.cpp.o)
                0x0008238a                Print::print(long, int)
 .text._ZN5Print7printlnEii
                0x000823c6       0x14 C:\Users\legi2074\AppData\Local\Temp\VMBuilds\IMU_SpinModule\arduino_due_x_dbg/core.a(Print.cpp.o)
                0x000823c6                Print::println(int, int)
 *fill*         0x000823da        0x2 
 .text.initiateReset
                0x000823dc        0xc C:\Users\legi2074\AppData\Local\Temp\VMBuilds\IMU_SpinModule\arduino_due_x_dbg/core.a(Reset.cpp.o)
                0x000823dc                initiateReset
 .text.cancelReset
                0x000823e8       0x10 C:\Users\legi2074\AppData\Local\Temp\VMBuilds\IMU_SpinModule\arduino_due_x_dbg/core.a(Reset.cpp.o)
                0x000823e8                cancelReset
 .text.tickReset
                0x000823f8       0x20 C:\Users\legi2074\AppData\Local\Temp\VMBuilds\IMU_SpinModule\arduino_due_x_dbg/core.a(Reset.cpp.o)
                0x000823f8                tickReset
 .text._ZN10RingBufferC2Ev
                0x00082418       0x1a C:\Users\legi2074\AppData\Local\Temp\VMBuilds\IMU_SpinModule\arduino_due_x_dbg/core.a(RingBuffer.cpp.o)
                0x00082418                RingBuffer::RingBuffer()
                0x00082418                RingBuffer::RingBuffer()
 .text._ZN10RingBuffer10store_charEh
                0x00082432       0x1e C:\Users\legi2074\AppData\Local\Temp\VMBuilds\IMU_SpinModule\arduino_due_x_dbg/core.a(RingBuffer.cpp.o)
                0x00082432                RingBuffer::store_char(unsigned char)
 .text._ZN6Stream9timedReadEv
                0x00082450       0x2a C:\Users\legi2074\AppData\Local\Temp\VMBuilds\IMU_SpinModule\arduino_due_x_dbg/core.a(Stream.cpp.o)
                0x00082450                Stream::timedRead()
 .text._ZN6Stream10setTimeoutEm
                0x0008247a        0x4 C:\Users\legi2074\AppData\Local\Temp\VMBuilds\IMU_SpinModule\arduino_due_x_dbg/core.a(Stream.cpp.o)
                0x0008247a                Stream::setTimeout(unsigned long)
 .text._ZN6Stream14readBytesUntilEcPcj
                0x0008247e       0x34 C:\Users\legi2074\AppData\Local\Temp\VMBuilds\IMU_SpinModule\arduino_due_x_dbg/core.a(Stream.cpp.o)
                0x0008247e                Stream::readBytesUntil(char, char*, unsigned int)
 .text._ZN9UARTClasscvbEv
                0x000824b2        0x4 C:\Users\legi2074\AppData\Local\Temp\VMBuilds\IMU_SpinModule\arduino_due_x_dbg/core.a(UARTClass.cpp.o)
                0x000824b2                UARTClass::operator bool()
 .text._ZN9UARTClass9availableEv
                0x000824b6       0x12 C:\Users\legi2074\AppData\Local\Temp\VMBuilds\IMU_SpinModule\arduino_due_x_dbg/core.a(UARTClass.cpp.o)
                0x000824b6                UARTClass::available()
 .text._ZN9UARTClass4peekEv
                0x000824c8       0x1c C:\Users\legi2074\AppData\Local\Temp\VMBuilds\IMU_SpinModule\arduino_due_x_dbg/core.a(UARTClass.cpp.o)
                0x000824c8                UARTClass::peek()
 .text._ZN9UARTClass4readEv
                0x000824e4       0x2a C:\Users\legi2074\AppData\Local\Temp\VMBuilds\IMU_SpinModule\arduino_due_x_dbg/core.a(UARTClass.cpp.o)
                0x000824e4                UARTClass::read()
 .text._ZN9UARTClass5flushEv
                0x0008250e       0x18 C:\Users\legi2074\AppData\Local\Temp\VMBuilds\IMU_SpinModule\arduino_due_x_dbg/core.a(UARTClass.cpp.o)
                0x0008250e                UARTClass::flush()
 *fill*         0x00082526        0x2 
 .text._ZN9UARTClass5writeEh
                0x00082528       0x54 C:\Users\legi2074\AppData\Local\Temp\VMBuilds\IMU_SpinModule\arduino_due_x_dbg/core.a(UARTClass.cpp.o)
                0x00082528                UARTClass::write(unsigned char)
 .text._ZN9UARTClass3endEv
                0x0008257c       0x3c C:\Users\legi2074\AppData\Local\Temp\VMBuilds\IMU_SpinModule\arduino_due_x_dbg/core.a(UARTClass.cpp.o)
                0x0008257c                UARTClass::end()
 .text._ZN9UARTClassC2EP4Uart4IRQnmP10RingBufferS4_
                0x000825b8       0x24 C:\Users\legi2074\AppData\Local\Temp\VMBuilds\IMU_SpinModule\arduino_due_x_dbg/core.a(UARTClass.cpp.o)
                0x000825b8                UARTClass::UARTClass(Uart*, IRQn, unsigned long, RingBuffer*, RingBuffer*)
                0x000825b8                UARTClass::UARTClass(Uart*, IRQn, unsigned long, RingBuffer*, RingBuffer*)
 .text._ZN9UARTClass4initEmm
                0x000825dc       0x70 C:\Users\legi2074\AppData\Local\Temp\VMBuilds\IMU_SpinModule\arduino_due_x_dbg/core.a(UARTClass.cpp.o)
                0x000825dc                UARTClass::init(unsigned long, unsigned long)
 .text._ZN9UARTClass5beginEm
                0x0008264c        0x8 C:\Users\legi2074\AppData\Local\Temp\VMBuilds\IMU_SpinModule\arduino_due_x_dbg/core.a(UARTClass.cpp.o)
                0x0008264c                UARTClass::begin(unsigned long)
 .text._ZN9UARTClass10IrqHandlerEv
                0x00082654       0x5a C:\Users\legi2074\AppData\Local\Temp\VMBuilds\IMU_SpinModule\arduino_due_x_dbg/core.a(UARTClass.cpp.o)
                0x00082654                UARTClass::IrqHandler()
 .text._ZN10USARTClass5beginEm
                0x000826ae        0x8 C:\Users\legi2074\AppData\Local\Temp\VMBuilds\IMU_SpinModule\arduino_due_x_dbg/core.a(USARTClass.cpp.o)
                0x000826ae                USARTClass::begin(unsigned long)
 *fill*         0x000826b6        0x2 
 .text._ZN10USARTClassC2EP5Usart4IRQnmP10RingBufferS4_
                0x000826b8       0x24 C:\Users\legi2074\AppData\Local\Temp\VMBuilds\IMU_SpinModule\arduino_due_x_dbg/core.a(USARTClass.cpp.o)
                0x000826b8                USARTClass::USARTClass(Usart*, IRQn, unsigned long, RingBuffer*, RingBuffer*)
                0x000826b8                USARTClass::USARTClass(Usart*, IRQn, unsigned long, RingBuffer*, RingBuffer*)
 .text._watchdogDefaultSetup
                0x000826dc        0xc C:\Users\legi2074\AppData\Local\Temp\VMBuilds\IMU_SpinModule\arduino_due_x_dbg/core.a(watchdog.cpp.o)
                0x000826dc                _watchdogDefaultSetup
                0x000826dc                watchdogSetup()
 .text.unlikely._ZL11USB_SendZlpv
                0x000826e8       0x20 C:\Users\legi2074\AppData\Local\Temp\VMBuilds\IMU_SpinModule\arduino_due_x_dbg/core.a(USBCore.cpp.o)
 .text._Z14USBD_Availablem
                0x00082708       0x2c C:\Users\legi2074\AppData\Local\Temp\VMBuilds\IMU_SpinModule\arduino_due_x_dbg/core.a(USBCore.cpp.o)
                0x00082708                USBD_Available(unsigned long)
 .text._Z9USBD_RecvmPvm
                0x00082734       0x7c C:\Users\legi2074\AppData\Local\Temp\VMBuilds\IMU_SpinModule\arduino_due_x_dbg/core.a(USBCore.cpp.o)
                0x00082734                USBD_Recv(unsigned long, void*, unsigned long)
 .text._Z9USBD_Recvm
                0x000827b0       0x22 C:\Users\legi2074\AppData\Local\Temp\VMBuilds\IMU_SpinModule\arduino_due_x_dbg/core.a(USBCore.cpp.o)
                0x000827b0                USBD_Recv(unsigned long)
 *fill*         0x000827d2        0x2 
 .text._Z9USBD_SendmPKvm
                0x000827d4       0x4c C:\Users\legi2074\AppData\Local\Temp\VMBuilds\IMU_SpinModule\arduino_due_x_dbg/core.a(USBCore.cpp.o)
                0x000827d4                USBD_Send(unsigned long, void const*, unsigned long)
 .text._Z16USBD_SendControlhPKvm
                0x00082820       0x40 C:\Users\legi2074\AppData\Local\Temp\VMBuilds\IMU_SpinModule\arduino_due_x_dbg/core.a(USBCore.cpp.o)
                0x00082820                USBD_SendControl(unsigned char, void const*, unsigned long)
 .text.unlikely._ZL24USB_SendStringDescriptorPKhi
                0x00082860       0x64 C:\Users\legi2074\AppData\Local\Temp\VMBuilds\IMU_SpinModule\arduino_due_x_dbg/core.a(USBCore.cpp.o)
 .text._Z16USBD_RecvControlPvm
                0x000828c4       0x1c C:\Users\legi2074\AppData\Local\Temp\VMBuilds\IMU_SpinModule\arduino_due_x_dbg/core.a(USBCore.cpp.o)
                0x000828c4                USBD_RecvControl(void*, unsigned long)
 .text._Z26USBD_ClassInterfaceRequestR8USBSetup
                0x000828e0       0x1e C:\Users\legi2074\AppData\Local\Temp\VMBuilds\IMU_SpinModule\arduino_due_x_dbg/core.a(USBCore.cpp.o)
                0x000828e0                USBD_ClassInterfaceRequest(USBSetup&)
 .text._Z19USBD_SendInterfacesv
                0x000828fe       0x22 C:\Users\legi2074\AppData\Local\Temp\VMBuilds\IMU_SpinModule\arduino_due_x_dbg/core.a(USBCore.cpp.o)
                0x000828fe                USBD_SendInterfaces()
 .text._Z24USBD_SendOtherInterfacesv
                0x00082920       0x22 C:\Users\legi2074\AppData\Local\Temp\VMBuilds\IMU_SpinModule\arduino_due_x_dbg/core.a(USBCore.cpp.o)
                0x00082920                USBD_SendOtherInterfaces()
 .text._Z10USBD_Flushm
                0x00082942       0x16 C:\Users\legi2074\AppData\Local\Temp\VMBuilds\IMU_SpinModule\arduino_due_x_dbg/core.a(USBCore.cpp.o)
                0x00082942                USBD_Flush(unsigned long)
 .text._ZN10USBDevice_C2Ev
                0x00082958       0x24 C:\Users\legi2074\AppData\Local\Temp\VMBuilds\IMU_SpinModule\arduino_due_x_dbg/core.a(USBCore.cpp.o)
                0x00082958                USBDevice_::USBDevice_()
                0x00082958                USBDevice_::USBDevice_()
 .text._ZN10USBDevice_6attachEv
                0x0008297c       0x20 C:\Users\legi2074\AppData\Local\Temp\VMBuilds\IMU_SpinModule\arduino_due_x_dbg/core.a(USBCore.cpp.o)
                0x0008297c                USBDevice_::attach()
 .text.startup._GLOBAL__sub_I_EndPoints
                0x0008299c        0xc C:\Users\legi2074\AppData\Local\Temp\VMBuilds\IMU_SpinModule\arduino_due_x_dbg/core.a(USBCore.cpp.o)
 .text._ZL7USB_ISRv
                0x000829a8      0x454 C:\Users\legi2074\AppData\Local\Temp\VMBuilds\IMU_SpinModule\arduino_due_x_dbg/core.a(USBCore.cpp.o)
 .text._ZN7Serial_9availableEv
                0x00082dfc       0x18 C:\Users\legi2074\AppData\Local\Temp\VMBuilds\IMU_SpinModule\arduino_due_x_dbg/core.a(CDC.cpp.o)
                0x00082dfc                Serial_::available()
 .text._ZN7Serial_17availableForWriteEv
                0x00082e14        0x6 C:\Users\legi2074\AppData\Local\Temp\VMBuilds\IMU_SpinModule\arduino_due_x_dbg/core.a(CDC.cpp.o)
                0x00082e14                Serial_::availableForWrite()
 *fill*         0x00082e1a        0x2 
 .text._ZN7Serial_4peekEv
                0x00082e1c       0x20 C:\Users\legi2074\AppData\Local\Temp\VMBuilds\IMU_SpinModule\arduino_due_x_dbg/core.a(CDC.cpp.o)
                0x00082e1c                Serial_::peek()
 .text._ZN7Serial_5writeEh
                0x00082e3c       0x16 C:\Users\legi2074\AppData\Local\Temp\VMBuilds\IMU_SpinModule\arduino_due_x_dbg/core.a(CDC.cpp.o)
                0x00082e3c                Serial_::write(unsigned char)
 *fill*         0x00082e52        0x2 
 .text._ZN7Serial_4readEv
                0x00082e54       0x44 C:\Users\legi2074\AppData\Local\Temp\VMBuilds\IMU_SpinModule\arduino_due_x_dbg/core.a(CDC.cpp.o)
                0x00082e54                Serial_::read()
 .text._ZN7Serial_5flushEv
                0x00082e98        0x6 C:\Users\legi2074\AppData\Local\Temp\VMBuilds\IMU_SpinModule\arduino_due_x_dbg/core.a(CDC.cpp.o)
                0x00082e98                Serial_::flush()
 *fill*         0x00082e9e        0x2 
 .text._ZN7Serial_6acceptEv
                0x00082ea0       0x70 C:\Users\legi2074\AppData\Local\Temp\VMBuilds\IMU_SpinModule\arduino_due_x_dbg/core.a(CDC.cpp.o)
                0x00082ea0                Serial_::accept()
 .text._ZN7Serial_5writeEPKhj
                0x00082f10       0x2c C:\Users\legi2074\AppData\Local\Temp\VMBuilds\IMU_SpinModule\arduino_due_x_dbg/core.a(CDC.cpp.o)
                0x00082f10                Serial_::write(unsigned char const*, unsigned int)
 .text._Z16CDC_GetInterfacePh
                0x00082f3c       0x14 C:\Users\legi2074\AppData\Local\Temp\VMBuilds\IMU_SpinModule\arduino_due_x_dbg/core.a(CDC.cpp.o)
                0x00082f3c                CDC_GetInterface(unsigned char*)
 .text._Z21CDC_GetOtherInterfacePh
                0x00082f50       0x14 C:\Users\legi2074\AppData\Local\Temp\VMBuilds\IMU_SpinModule\arduino_due_x_dbg/core.a(CDC.cpp.o)
                0x00082f50                CDC_GetOtherInterface(unsigned char*)
 .text._Z9CDC_SetupR8USBSetup
                0x00082f64       0x78 C:\Users\legi2074\AppData\Local\Temp\VMBuilds\IMU_SpinModule\arduino_due_x_dbg/core.a(CDC.cpp.o)
                0x00082f64                CDC_Setup(USBSetup&)
 .text.startup._GLOBAL__sub_I_cdc_rx_buffer
                0x00082fdc       0x1c C:\Users\legi2074\AppData\Local\Temp\VMBuilds\IMU_SpinModule\arduino_due_x_dbg/core.a(CDC.cpp.o)
 .text._ZN13PluggableUSB_12getInterfaceEPh
                0x00082ff8       0x28 C:\Users\legi2074\AppData\Local\Temp\VMBuilds\IMU_SpinModule\arduino_due_x_dbg/core.a(PluggableUSB.cpp.o)
                0x00082ff8                PluggableUSB_::getInterface(unsigned char*)
 .text._ZN13PluggableUSB_13getDescriptorER8USBSetup
                0x00083020       0x1c C:\Users\legi2074\AppData\Local\Temp\VMBuilds\IMU_SpinModule\arduino_due_x_dbg/core.a(PluggableUSB.cpp.o)
                0x00083020                PluggableUSB_::getDescriptor(USBSetup&)
 .text._ZN13PluggableUSB_12getShortNameEPc
                0x0008303c       0x1c C:\Users\legi2074\AppData\Local\Temp\VMBuilds\IMU_SpinModule\arduino_due_x_dbg/core.a(PluggableUSB.cpp.o)
                0x0008303c                PluggableUSB_::getShortName(char*)
 .text._ZN13PluggableUSB_5setupER8USBSetup
                0x00083058       0x20 C:\Users\legi2074\AppData\Local\Temp\VMBuilds\IMU_SpinModule\arduino_due_x_dbg/core.a(PluggableUSB.cpp.o)
                0x00083058                PluggableUSB_::setup(USBSetup&)
 .text._Z12PluggableUSBv
                0x00083078       0x28 C:\Users\legi2074\AppData\Local\Temp\VMBuilds\IMU_SpinModule\arduino_due_x_dbg/core.a(PluggableUSB.cpp.o)
                0x00083078                PluggableUSB()
 .text.FindClockConfiguration
                0x000830a0       0x7c C:\Users\legi2074\AppData\Local\arduino15\packages\arduino\hardware\sam\1.6.11\variants\arduino_due_x/libsam_sam3x8e_gcc_rel.a(pwmc.o)
 .text.PWMC_ConfigureChannel
                0x0008311c       0x60 C:\Users\legi2074\AppData\Local\arduino15\packages\arduino\hardware\sam\1.6.11\variants\arduino_due_x/libsam_sam3x8e_gcc_rel.a(pwmc.o)
                0x0008311c                PWMC_ConfigureChannel
 .text.PWMC_ConfigureClocks
                0x0008317c       0x54 C:\Users\legi2074\AppData\Local\arduino15\packages\arduino\hardware\sam\1.6.11\variants\arduino_due_x/libsam_sam3x8e_gcc_rel.a(pwmc.o)
                0x0008317c                PWMC_ConfigureClocks
 .text.PWMC_SetPeriod
                0x000831d0       0x1a C:\Users\legi2074\AppData\Local\arduino15\packages\arduino\hardware\sam\1.6.11\variants\arduino_due_x/libsam_sam3x8e_gcc_rel.a(pwmc.o)
                0x000831d0                PWMC_SetPeriod
 *fill*         0x000831ea        0x2 
 .text.PWMC_SetDutyCycle
                0x000831ec       0x44 C:\Users\legi2074\AppData\Local\arduino15\packages\arduino\hardware\sam\1.6.11\variants\arduino_due_x/libsam_sam3x8e_gcc_rel.a(pwmc.o)
                0x000831ec                PWMC_SetDutyCycle
 .text.PWMC_EnableChannel
                0x00083230        0xa C:\Users\legi2074\AppData\Local\arduino15\packages\arduino\hardware\sam\1.6.11\variants\arduino_due_x/libsam_sam3x8e_gcc_rel.a(pwmc.o)
                0x00083230                PWMC_EnableChannel
 *fill*         0x0008323a        0x2 
 .text.TC_Configure
                0x0008323c       0x38 C:\Users\legi2074\AppData\Local\arduino15\packages\arduino\hardware\sam\1.6.11\variants\arduino_due_x/libsam_sam3x8e_gcc_rel.a(tc.o)
                0x0008323c                TC_Configure
 .text.TC_Start
                0x00083274       0x2c C:\Users\legi2074\AppData\Local\arduino15\packages\arduino\hardware\sam\1.6.11\variants\arduino_due_x/libsam_sam3x8e_gcc_rel.a(tc.o)
                0x00083274                TC_Start
 .text.TC_SetRA
                0x000832a0        0x8 C:\Users\legi2074\AppData\Local\arduino15\packages\arduino\hardware\sam\1.6.11\variants\arduino_due_x/libsam_sam3x8e_gcc_rel.a(tc.o)
                0x000832a0                TC_SetRA
 .text.TC_SetRB
                0x000832a8        0x8 C:\Users\legi2074\AppData\Local\arduino15\packages\arduino\hardware\sam\1.6.11\variants\arduino_due_x/libsam_sam3x8e_gcc_rel.a(tc.o)
                0x000832a8                TC_SetRB
 .text.TC_SetRC
                0x000832b0        0x8 C:\Users\legi2074\AppData\Local\arduino15\packages\arduino\hardware\sam\1.6.11\variants\arduino_due_x/libsam_sam3x8e_gcc_rel.a(tc.o)
                0x000832b0                TC_SetRC
 .text.TimeTick_Increment
                0x000832b8       0x10 C:\Users\legi2074\AppData\Local\arduino15\packages\arduino\hardware\sam\1.6.11\variants\arduino_due_x/libsam_sam3x8e_gcc_rel.a(timetick.o)
                0x000832b8                TimeTick_Increment
 .text.GetTickCount
                0x000832c8        0xc C:\Users\legi2074\AppData\Local\arduino15\packages\arduino\hardware\sam\1.6.11\variants\arduino_due_x/libsam_sam3x8e_gcc_rel.a(timetick.o)
                0x000832c8                GetTickCount
 .text.WDT_Disable
                0x000832d4        0x8 C:\Users\legi2074\AppData\Local\arduino15\packages\arduino\hardware\sam\1.6.11\variants\arduino_due_x/libsam_sam3x8e_gcc_rel.a(wdt.o)
                0x000832d4                WDT_Disable
 .text.UDD_SetStack
                0x000832dc        0xc C:\Users\legi2074\AppData\Local\arduino15\packages\arduino\hardware\sam\1.6.11\variants\arduino_due_x/libsam_sam3x8e_gcc_rel.a(uotghs_device.o)
                0x000832dc                UDD_SetStack
 .text.UDD_Init
                0x000832e8       0xd0 C:\Users\legi2074\AppData\Local\arduino15\packages\arduino\hardware\sam\1.6.11\variants\arduino_due_x/libsam_sam3x8e_gcc_rel.a(uotghs_device.o)
                0x000832e8                UDD_Init
 .text.UDD_Attach
                0x000833b8       0x50 C:\Users\legi2074\AppData\Local\arduino15\packages\arduino\hardware\sam\1.6.11\variants\arduino_due_x/libsam_sam3x8e_gcc_rel.a(uotghs_device.o)
                0x000833b8                UDD_Attach
 .text.UDD_InitEP
                0x00083408       0x2c C:\Users\legi2074\AppData\Local\arduino15\packages\arduino\hardware\sam\1.6.11\variants\arduino_due_x/libsam_sam3x8e_gcc_rel.a(uotghs_device.o)
                0x00083408                UDD_InitEP
 .text.UDD_InitEndpoints
                0x00083434       0x3c C:\Users\legi2074\AppData\Local\arduino15\packages\arduino\hardware\sam\1.6.11\variants\arduino_due_x/libsam_sam3x8e_gcc_rel.a(uotghs_device.o)
                0x00083434                UDD_InitEndpoints
 .text.UDD_WaitIN
                0x00083470       0x10 C:\Users\legi2074\AppData\Local\arduino15\packages\arduino\hardware\sam\1.6.11\variants\arduino_due_x/libsam_sam3x8e_gcc_rel.a(uotghs_device.o)
                0x00083470                UDD_WaitIN
 .text.UDD_WaitOUT
                0x00083480       0x10 C:\Users\legi2074\AppData\Local\arduino15\packages\arduino\hardware\sam\1.6.11\variants\arduino_due_x/libsam_sam3x8e_gcc_rel.a(uotghs_device.o)
                0x00083480                UDD_WaitOUT
 .text.UDD_ClearIN
                0x00083490       0x18 C:\Users\legi2074\AppData\Local\arduino15\packages\arduino\hardware\sam\1.6.11\variants\arduino_due_x/libsam_sam3x8e_gcc_rel.a(uotghs_device.o)
                0x00083490                UDD_ClearIN
 .text.UDD_ClearOUT
                0x000834a8       0x18 C:\Users\legi2074\AppData\Local\arduino15\packages\arduino\hardware\sam\1.6.11\variants\arduino_due_x/libsam_sam3x8e_gcc_rel.a(uotghs_device.o)
                0x000834a8                UDD_ClearOUT
 .text.UDD_ReceivedSetupInt
                0x000834c0       0x10 C:\Users\legi2074\AppData\Local\arduino15\packages\arduino\hardware\sam\1.6.11\variants\arduino_due_x/libsam_sam3x8e_gcc_rel.a(uotghs_device.o)
                0x000834c0                UDD_ReceivedSetupInt
 .text.UDD_ClearSetupInt
                0x000834d0       0x10 C:\Users\legi2074\AppData\Local\arduino15\packages\arduino\hardware\sam\1.6.11\variants\arduino_due_x/libsam_sam3x8e_gcc_rel.a(uotghs_device.o)
                0x000834d0                UDD_ClearSetupInt
 .text.UDD_Send
                0x000834e0       0x88 C:\Users\legi2074\AppData\Local\arduino15\packages\arduino\hardware\sam\1.6.11\variants\arduino_due_x/libsam_sam3x8e_gcc_rel.a(uotghs_device.o)
                0x000834e0                UDD_Send
 .text.UDD_Send8
                0x00083568       0x24 C:\Users\legi2074\AppData\Local\arduino15\packages\arduino\hardware\sam\1.6.11\variants\arduino_due_x/libsam_sam3x8e_gcc_rel.a(uotghs_device.o)
                0x00083568                UDD_Send8
 .text.UDD_Recv8
                0x0008358c       0x28 C:\Users\legi2074\AppData\Local\arduino15\packages\arduino\hardware\sam\1.6.11\variants\arduino_due_x/libsam_sam3x8e_gcc_rel.a(uotghs_device.o)
                0x0008358c                UDD_Recv8
 .text.UDD_Recv
                0x000835b4       0x34 C:\Users\legi2074\AppData\Local\arduino15\packages\arduino\hardware\sam\1.6.11\variants\arduino_due_x/libsam_sam3x8e_gcc_rel.a(uotghs_device.o)
                0x000835b4                UDD_Recv
 .text.UDD_Stall
                0x000835e8       0x14 C:\Users\legi2074\AppData\Local\arduino15\packages\arduino\hardware\sam\1.6.11\variants\arduino_due_x/libsam_sam3x8e_gcc_rel.a(uotghs_device.o)
                0x000835e8                UDD_Stall
 .text.UDD_FifoByteCount
                0x000835fc       0x14 C:\Users\legi2074\AppData\Local\arduino15\packages\arduino\hardware\sam\1.6.11\variants\arduino_due_x/libsam_sam3x8e_gcc_rel.a(uotghs_device.o)
                0x000835fc                UDD_FifoByteCount
 .text.UDD_ReleaseRX
                0x00083610       0x28 C:\Users\legi2074\AppData\Local\arduino15\packages\arduino\hardware\sam\1.6.11\variants\arduino_due_x/libsam_sam3x8e_gcc_rel.a(uotghs_device.o)
                0x00083610                UDD_ReleaseRX
 .text.UDD_ReleaseTX
                0x00083638       0x28 C:\Users\legi2074\AppData\Local\arduino15\packages\arduino\hardware\sam\1.6.11\variants\arduino_due_x/libsam_sam3x8e_gcc_rel.a(uotghs_device.o)
                0x00083638                UDD_ReleaseTX
 .text.UDD_SetAddress
                0x00083660       0x20 C:\Users\legi2074\AppData\Local\arduino15\packages\arduino\hardware\sam\1.6.11\variants\arduino_due_x/libsam_sam3x8e_gcc_rel.a(uotghs_device.o)
                0x00083660                UDD_SetAddress
 .text.dacc_reset
                0x00083680        0x6 C:\Users\legi2074\AppData\Local\arduino15\packages\arduino\hardware\sam\1.6.11\variants\arduino_due_x/libsam_sam3x8e_gcc_rel.a(dacc.o)
                0x00083680                dacc_reset
 .text.dacc_set_transfer_mode
                0x00083686       0x14 C:\Users\legi2074\AppData\Local\arduino15\packages\arduino\hardware\sam\1.6.11\variants\arduino_due_x/libsam_sam3x8e_gcc_rel.a(dacc.o)
                0x00083686                dacc_set_transfer_mode
 .text.dacc_get_interrupt_status
                0x0008369a        0x4 C:\Users\legi2074\AppData\Local\arduino15\packages\arduino\hardware\sam\1.6.11\variants\arduino_due_x/libsam_sam3x8e_gcc_rel.a(dacc.o)
                0x0008369a                dacc_get_interrupt_status
 .text.dacc_write_conversion_data
                0x0008369e        0x4 C:\Users\legi2074\AppData\Local\arduino15\packages\arduino\hardware\sam\1.6.11\variants\arduino_due_x/libsam_sam3x8e_gcc_rel.a(dacc.o)
                0x0008369e                dacc_write_conversion_data
 .text.dacc_set_channel_selection
                0x000836a2       0x18 C:\Users\legi2074\AppData\Local\arduino15\packages\arduino\hardware\sam\1.6.11\variants\arduino_due_x/libsam_sam3x8e_gcc_rel.a(dacc.o)
                0x000836a2                dacc_set_channel_selection
 .text.dacc_set_power_save
                0x000836ba       0x24 C:\Users\legi2074\AppData\Local\arduino15\packages\arduino\hardware\sam\1.6.11\variants\arduino_due_x/libsam_sam3x8e_gcc_rel.a(dacc.o)
                0x000836ba                dacc_set_power_save
 .text.dacc_set_timing
                0x000836de       0x2c C:\Users\legi2074\AppData\Local\arduino15\packages\arduino\hardware\sam\1.6.11\variants\arduino_due_x/libsam_sam3x8e_gcc_rel.a(dacc.o)
                0x000836de                dacc_set_timing
 .text.dacc_enable_channel
                0x0008370a       0x12 C:\Users\legi2074\AppData\Local\arduino15\packages\arduino\hardware\sam\1.6.11\variants\arduino_due_x/libsam_sam3x8e_gcc_rel.a(dacc.o)
                0x0008370a                dacc_enable_channel
 .text.dacc_get_channel_status
                0x0008371c        0x4 C:\Users\legi2074\AppData\Local\arduino15\packages\arduino\hardware\sam\1.6.11\variants\arduino_due_x/libsam_sam3x8e_gcc_rel.a(dacc.o)
                0x0008371c                dacc_get_channel_status
 .text.dacc_set_analog_control
                0x00083720        0x8 C:\Users\legi2074\AppData\Local\arduino15\packages\arduino\hardware\sam\1.6.11\variants\arduino_due_x/libsam_sam3x8e_gcc_rel.a(dacc.o)
                0x00083720                dacc_set_analog_control
 .text          0x00083728      0x370 c:/users/legi2074/appdata/local/arduino15/packages/arduino/tools/arm-none-eabi-gcc/4.8.3-2014q1/bin/../lib/gcc/arm-none-eabi/4.8.3/armv7-m\libgcc.a(_arm_addsubdf3.o)
                0x00083728                __aeabi_drsub
                0x00083730                __aeabi_dsub
                0x00083730                __subdf3
                0x00083734                __aeabi_dadd
                0x00083734                __adddf3
                0x000839ac                __floatunsidf
                0x000839ac                __aeabi_ui2d
                0x000839cc                __floatsidf
                0x000839cc                __aeabi_i2d
                0x000839f0                __aeabi_f2d
                0x000839f0                __extendsfdf2
                0x00083a2c                __floatundidf
                0x00083a2c                __aeabi_ul2d
                0x00083a3c                __floatdidf
                0x00083a3c                __aeabi_l2d
 .text          0x00083a98      0x424 c:/users/legi2074/appdata/local/arduino15/packages/arduino/tools/arm-none-eabi-gcc/4.8.3-2014q1/bin/../lib/gcc/arm-none-eabi/4.8.3/armv7-m\libgcc.a(_arm_muldivdf3.o)
                0x00083a98                __aeabi_dmul
                0x00083a98                __muldf3
                0x00083cec                __divdf3
                0x00083cec                __aeabi_ddiv
 .text          0x00083ebc      0x110 c:/users/legi2074/appdata/local/arduino15/packages/arduino/tools/arm-none-eabi-gcc/4.8.3-2014q1/bin/../lib/gcc/arm-none-eabi/4.8.3/armv7-m\libgcc.a(_arm_cmpdf2.o)
                0x00083ebc                __gtdf2
                0x00083ebc                __gedf2
                0x00083ec4                __ltdf2
                0x00083ec4                __ledf2
                0x00083ecc                __nedf2
                0x00083ecc                __eqdf2
                0x00083ecc                __cmpdf2
                0x00083f48                __aeabi_cdrcmple
                0x00083f58                __aeabi_cdcmpeq
                0x00083f58                __aeabi_cdcmple
                0x00083f68                __aeabi_dcmpeq
                0x00083f7c                __aeabi_dcmplt
                0x00083f90                __aeabi_dcmple
                0x00083fa4                __aeabi_dcmpge
                0x00083fb8                __aeabi_dcmpgt
 .text          0x00083fcc       0x50 c:/users/legi2074/appdata/local/arduino15/packages/arduino/tools/arm-none-eabi-gcc/4.8.3-2014q1/bin/../lib/gcc/arm-none-eabi/4.8.3/armv7-m\libgcc.a(_arm_fixdfsi.o)
                0x00083fcc                __aeabi_d2iz
                0x00083fcc                __fixdfsi
 .text          0x0008401c       0x40 c:/users/legi2074/appdata/local/arduino15/packages/arduino/tools/arm-none-eabi-gcc/4.8.3-2014q1/bin/../lib/gcc/arm-none-eabi/4.8.3/armv7-m\libgcc.a(_arm_fixunsdfsi.o)
                0x0008401c                __aeabi_d2uiz
                0x0008401c                __fixunsdfsi
 .text          0x0008405c       0xa0 c:/users/legi2074/appdata/local/arduino15/packages/arduino/tools/arm-none-eabi-gcc/4.8.3-2014q1/bin/../lib/gcc/arm-none-eabi/4.8.3/armv7-m\libgcc.a(_arm_truncdfsf2.o)
                0x0008405c                __truncdfsf2
                0x0008405c                __aeabi_d2f
 .text          0x000840fc      0x21c c:/users/legi2074/appdata/local/arduino15/packages/arduino/tools/arm-none-eabi-gcc/4.8.3-2014q1/bin/../lib/gcc/arm-none-eabi/4.8.3/armv7-m\libgcc.a(_arm_addsubsf3.o)
                0x000840fc                __aeabi_frsub
                0x00084104                __subsf3
                0x00084104                __aeabi_fsub
                0x00084108                __aeabi_fadd
                0x00084108                __addsf3
                0x00084268                __aeabi_ui2f
                0x00084268                __floatunsisf
                0x00084270                __aeabi_i2f
                0x00084270                __floatsisf
                0x0008428c                __aeabi_ul2f
                0x0008428c                __floatundisf
                0x0008429c                __aeabi_l2f
                0x0008429c                __floatdisf
 .text          0x00084318      0x2a0 c:/users/legi2074/appdata/local/arduino15/packages/arduino/tools/arm-none-eabi-gcc/4.8.3-2014q1/bin/../lib/gcc/arm-none-eabi/4.8.3/armv7-m\libgcc.a(_arm_muldivsf3.o)
                0x00084318                __mulsf3
                0x00084318                __aeabi_fmul
                0x00084480                __aeabi_fdiv
                0x00084480                __divsf3
 .text          0x000845b8       0x4c c:/users/legi2074/appdata/local/arduino15/packages/arduino/tools/arm-none-eabi-gcc/4.8.3-2014q1/bin/../lib/gcc/arm-none-eabi/4.8.3/armv7-m\libgcc.a(_arm_fixsfsi.o)
                0x000845b8                __aeabi_f2iz
                0x000845b8                __fixsfsi
 .text          0x00084604       0x40 c:/users/legi2074/appdata/local/arduino15/packages/arduino/tools/arm-none-eabi-gcc/4.8.3-2014q1/bin/../lib/gcc/arm-none-eabi/4.8.3/armv7-m\libgcc.a(_arm_fixunssfsi.o)
                0x00084604                __fixunssfsi
                0x00084604                __aeabi_f2uiz
 .text.__assert_func
                0x00084644       0x3c c:/users/legi2074/appdata/local/arduino15/packages/arduino/tools/arm-none-eabi-gcc/4.8.3-2014q1/bin/../lib/gcc/arm-none-eabi/4.8.3/../../../../arm-none-eabi/lib/armv7-m\libg.a(lib_a-assert.o)
                0x00084644                __assert_func
 .text.fiprintf
                0x00084680       0x28 c:/users/legi2074/appdata/local/arduino15/packages/arduino/tools/arm-none-eabi-gcc/4.8.3-2014q1/bin/../lib/gcc/arm-none-eabi/4.8.3/../../../../arm-none-eabi/lib/armv7-m\libg.a(lib_a-fiprintf.o)
                0x00084680                fiprintf
 .text.__libc_init_array
                0x000846a8       0x50 c:/users/legi2074/appdata/local/arduino15/packages/arduino/tools/arm-none-eabi-gcc/4.8.3-2014q1/bin/../lib/gcc/arm-none-eabi/4.8.3/../../../../arm-none-eabi/lib/armv7-m\libg.a(lib_a-init.o)
                0x000846a8                __libc_init_array
 .text.iprintf  0x000846f8       0x28 c:/users/legi2074/appdata/local/arduino15/packages/arduino/tools/arm-none-eabi-gcc/4.8.3-2014q1/bin/../lib/gcc/arm-none-eabi/4.8.3/../../../../arm-none-eabi/lib/armv7-m\libg.a(lib_a-iprintf.o)
                0x000846f8                iprintf
 .text.malloc   0x00084720       0x10 c:/users/legi2074/appdata/local/arduino15/packages/arduino/tools/arm-none-eabi-gcc/4.8.3-2014q1/bin/../lib/gcc/arm-none-eabi/4.8.3/../../../../arm-none-eabi/lib/armv7-m\libg.a(lib_a-malloc.o)
                0x00084720                malloc
 .text._malloc_r
                0x00084730      0x538 c:/users/legi2074/appdata/local/arduino15/packages/arduino/tools/arm-none-eabi-gcc/4.8.3-2014q1/bin/../lib/gcc/arm-none-eabi/4.8.3/../../../../arm-none-eabi/lib/armv7-m\libg.a(lib_a-mallocr.o)
                0x00084730                _malloc_r
 .text          0x00084c68       0xec c:/users/legi2074/appdata/local/arduino15/packages/arduino/tools/arm-none-eabi-gcc/4.8.3-2014q1/bin/../lib/gcc/arm-none-eabi/4.8.3/../../../../arm-none-eabi/lib/armv7-m\libg.a(lib_a-memcpy.o)
                0x00084c68                memcpy
 .text.memmove  0x00084d54       0xcc c:/users/legi2074/appdata/local/arduino15/packages/arduino/tools/arm-none-eabi-gcc/4.8.3-2014q1/bin/../lib/gcc/arm-none-eabi/4.8.3/../../../../arm-none-eabi/lib/armv7-m\libg.a(lib_a-memmove.o)
                0x00084d54                memmove
 .text.memset   0x00084e20       0x94 c:/users/legi2074/appdata/local/arduino15/packages/arduino/tools/arm-none-eabi-gcc/4.8.3-2014q1/bin/../lib/gcc/arm-none-eabi/4.8.3/../../../../arm-none-eabi/lib/armv7-m\libg.a(lib_a-memset.o)
                0x00084e20                memset
 .text.__malloc_lock
                0x00084eb4        0x4 c:/users/legi2074/appdata/local/arduino15/packages/arduino/tools/arm-none-eabi-gcc/4.8.3-2014q1/bin/../lib/gcc/arm-none-eabi/4.8.3/../../../../arm-none-eabi/lib/armv7-m\libg.a(lib_a-mlock.o)
                0x00084eb4                __malloc_lock
 .text.__malloc_unlock
                0x00084eb8        0x4 c:/users/legi2074/appdata/local/arduino15/packages/arduino/tools/arm-none-eabi-gcc/4.8.3-2014q1/bin/../lib/gcc/arm-none-eabi/4.8.3/../../../../arm-none-eabi/lib/armv7-m\libg.a(lib_a-mlock.o)
                0x00084eb8                __malloc_unlock
 .text._realloc_r
                0x00084ebc      0x3c0 c:/users/legi2074/appdata/local/arduino15/packages/arduino/tools/arm-none-eabi-gcc/4.8.3-2014q1/bin/../lib/gcc/arm-none-eabi/4.8.3/../../../../arm-none-eabi/lib/armv7-m\libg.a(lib_a-reallocr.o)
                0x00084ebc                _realloc_r
 .text._sbrk_r  0x0008527c       0x24 c:/users/legi2074/appdata/local/arduino15/packages/arduino/tools/arm-none-eabi-gcc/4.8.3-2014q1/bin/../lib/gcc/arm-none-eabi/4.8.3/../../../../arm-none-eabi/lib/armv7-m\libg.a(lib_a-sbrkr.o)
                0x0008527c                _sbrk_r
 .text.strlen   0x000852a0       0x60 c:/users/legi2074/appdata/local/arduino15/packages/arduino/tools/arm-none-eabi-gcc/4.8.3-2014q1/bin/../lib/gcc/arm-none-eabi/4.8.3/../../../../arm-none-eabi/lib/armv7-m\libg.a(lib_a-strlen.o)
                0x000852a0                strlen
 .text.kill     0x00085300       0x10 c:/users/legi2074/appdata/local/arduino15/packages/arduino/tools/arm-none-eabi-gcc/4.8.3-2014q1/bin/../lib/gcc/arm-none-eabi/4.8.3/../../../../arm-none-eabi/lib/armv7-m\libg.a(lib_a-syskill.o)
                0x00085300                kill
 .text.__sprint_r.part.0
                0x00085310       0x78 c:/users/legi2074/appdata/local/arduino15/packages/arduino/tools/arm-none-eabi-gcc/4.8.3-2014q1/bin/../lib/gcc/arm-none-eabi/4.8.3/../../../../arm-none-eabi/lib/armv7-m\libg.a(lib_a-vfiprintf.o)
 .text._vfiprintf_r
                0x00085388      0xc54 c:/users/legi2074/appdata/local/arduino15/packages/arduino/tools/arm-none-eabi-gcc/4.8.3-2014q1/bin/../lib/gcc/arm-none-eabi/4.8.3/../../../../arm-none-eabi/lib/armv7-m\libg.a(lib_a-vfiprintf.o)
                0x00085388                _vfiprintf_r
 .text.__sbprintf
                0x00085fdc       0x7c c:/users/legi2074/appdata/local/arduino15/packages/arduino/tools/arm-none-eabi-gcc/4.8.3-2014q1/bin/../lib/gcc/arm-none-eabi/4.8.3/../../../../arm-none-eabi/lib/armv7-m\libg.a(lib_a-vfiprintf.o)
 .text.__swsetup_r
                0x00086058       0xc4 c:/users/legi2074/appdata/local/arduino15/packages/arduino/tools/arm-none-eabi-gcc/4.8.3-2014q1/bin/../lib/gcc/arm-none-eabi/4.8.3/../../../../arm-none-eabi/lib/armv7-m\libg.a(lib_a-wsetup.o)
                0x00086058                __swsetup_r
 .text.startup.register_fini
                0x0008611c       0x14 c:/users/legi2074/appdata/local/arduino15/packages/arduino/tools/arm-none-eabi-gcc/4.8.3-2014q1/bin/../lib/gcc/arm-none-eabi/4.8.3/../../../../arm-none-eabi/lib/armv7-m\libg.a(lib_a-__call_atexit.o)
 .text.abort    0x00086130       0x10 c:/users/legi2074/appdata/local/arduino15/packages/arduino/tools/arm-none-eabi-gcc/4.8.3-2014q1/bin/../lib/gcc/arm-none-eabi/4.8.3/../../../../arm-none-eabi/lib/armv7-m\libg.a(lib_a-abort.o)
                0x00086130                abort
 .text.atexit   0x00086140        0xc c:/users/legi2074/appdata/local/arduino15/packages/arduino/tools/arm-none-eabi-gcc/4.8.3-2014q1/bin/../lib/gcc/arm-none-eabi/4.8.3/../../../../arm-none-eabi/lib/armv7-m\libg.a(lib_a-atexit.o)
                0x00086140                atexit
 .text.__sflush_r
                0x0008614c      0x148 c:/users/legi2074/appdata/local/arduino15/packages/arduino/tools/arm-none-eabi-gcc/4.8.3-2014q1/bin/../lib/gcc/arm-none-eabi/4.8.3/../../../../arm-none-eabi/lib/armv7-m\libg.a(lib_a-fflush.o)
                0x0008614c                __sflush_r
 .text._fflush_r
                0x00086294       0x2c c:/users/legi2074/appdata/local/arduino15/packages/arduino/tools/arm-none-eabi-gcc/4.8.3-2014q1/bin/../lib/gcc/arm-none-eabi/4.8.3/../../../../arm-none-eabi/lib/armv7-m\libg.a(lib_a-fflush.o)
                0x00086294                _fflush_r
 .text._cleanup_r
                0x000862c0        0xc c:/users/legi2074/appdata/local/arduino15/packages/arduino/tools/arm-none-eabi-gcc/4.8.3-2014q1/bin/../lib/gcc/arm-none-eabi/4.8.3/../../../../arm-none-eabi/lib/armv7-m\libg.a(lib_a-findfp.o)
                0x000862c0                _cleanup_r
 .text.__sinit  0x000862cc       0xf4 c:/users/legi2074/appdata/local/arduino15/packages/arduino/tools/arm-none-eabi-gcc/4.8.3-2014q1/bin/../lib/gcc/arm-none-eabi/4.8.3/../../../../arm-none-eabi/lib/armv7-m\libg.a(lib_a-findfp.o)
                0x000862cc                __sinit
 .text.__sfp_lock_acquire
                0x000863c0        0x4 c:/users/legi2074/appdata/local/arduino15/packages/arduino/tools/arm-none-eabi-gcc/4.8.3-2014q1/bin/../lib/gcc/arm-none-eabi/4.8.3/../../../../arm-none-eabi/lib/armv7-m\libg.a(lib_a-findfp.o)
                0x000863c0                __sfp_lock_acquire
 .text.__sfp_lock_release
                0x000863c4        0x4 c:/users/legi2074/appdata/local/arduino15/packages/arduino/tools/arm-none-eabi-gcc/4.8.3-2014q1/bin/../lib/gcc/arm-none-eabi/4.8.3/../../../../arm-none-eabi/lib/armv7-m\libg.a(lib_a-findfp.o)
                0x000863c4                __sfp_lock_release
 .text.__libc_fini_array
                0x000863c8       0x30 c:/users/legi2074/appdata/local/arduino15/packages/arduino/tools/arm-none-eabi-gcc/4.8.3-2014q1/bin/../lib/gcc/arm-none-eabi/4.8.3/../../../../arm-none-eabi/lib/armv7-m\libg.a(lib_a-fini.o)
                0x000863c8                __libc_fini_array
 .text._fputwc_r
                0x000863f8       0xc0 c:/users/legi2074/appdata/local/arduino15/packages/arduino/tools/arm-none-eabi-gcc/4.8.3-2014q1/bin/../lib/gcc/arm-none-eabi/4.8.3/../../../../arm-none-eabi/lib/armv7-m\libg.a(lib_a-fputwc.o)
                0x000863f8                _fputwc_r
 .text._malloc_trim_r
                0x000864b8       0x9c c:/users/legi2074/appdata/local/arduino15/packages/arduino/tools/arm-none-eabi-gcc/4.8.3-2014q1/bin/../lib/gcc/arm-none-eabi/4.8.3/../../../../arm-none-eabi/lib/armv7-m\libg.a(lib_a-freer.o)
                0x000864b8                _malloc_trim_r
 .text._free_r  0x00086554      0x198 c:/users/legi2074/appdata/local/arduino15/packages/arduino/tools/arm-none-eabi-gcc/4.8.3-2014q1/bin/../lib/gcc/arm-none-eabi/4.8.3/../../../../arm-none-eabi/lib/armv7-m\libg.a(lib_a-freer.o)
                0x00086554                _free_r
 .text.__sfvwrite_r
                0x000866ec      0x314 c:/users/legi2074/appdata/local/arduino15/packages/arduino/tools/arm-none-eabi-gcc/4.8.3-2014q1/bin/../lib/gcc/arm-none-eabi/4.8.3/../../../../arm-none-eabi/lib/armv7-m\libg.a(lib_a-fvwrite.o)
                0x000866ec                __sfvwrite_r
 .text._fwalk   0x00086a00       0x48 c:/users/legi2074/appdata/local/arduino15/packages/arduino/tools/arm-none-eabi-gcc/4.8.3-2014q1/bin/../lib/gcc/arm-none-eabi/4.8.3/../../../../arm-none-eabi/lib/armv7-m\libg.a(lib_a-fwalk.o)
                0x00086a00                _fwalk
 .text.__locale_charset
                0x00086a48        0x8 c:/users/legi2074/appdata/local/arduino15/packages/arduino/tools/arm-none-eabi-gcc/4.8.3-2014q1/bin/../lib/gcc/arm-none-eabi/4.8.3/../../../../arm-none-eabi/lib/armv7-m\libg.a(lib_a-locale.o)
                0x00086a48                __locale_charset
 .text.__locale_mb_cur_max
                0x00086a50        0xc c:/users/legi2074/appdata/local/arduino15/packages/arduino/tools/arm-none-eabi-gcc/4.8.3-2014q1/bin/../lib/gcc/arm-none-eabi/4.8.3/../../../../arm-none-eabi/lib/armv7-m\libg.a(lib_a-locale.o)
                0x00086a50                __locale_mb_cur_max
 .text.__smakebuf_r
                0x00086a5c       0xe0 c:/users/legi2074/appdata/local/arduino15/packages/arduino/tools/arm-none-eabi-gcc/4.8.3-2014q1/bin/../lib/gcc/arm-none-eabi/4.8.3/../../../../arm-none-eabi/lib/armv7-m\libg.a(lib_a-makebuf.o)
                0x00086a5c                __smakebuf_r
 .text.memchr   0x00086b3c       0x94 c:/users/legi2074/appdata/local/arduino15/packages/arduino/tools/arm-none-eabi-gcc/4.8.3-2014q1/bin/../lib/gcc/arm-none-eabi/4.8.3/../../../../arm-none-eabi/lib/armv7-m\libg.a(lib_a-memchr-stub.o)
                0x00086b3c                memchr
 .text._raise_r
                0x00086bd0       0x58 c:/users/legi2074/appdata/local/arduino15/packages/arduino/tools/arm-none-eabi-gcc/4.8.3-2014q1/bin/../lib/gcc/arm-none-eabi/4.8.3/../../../../arm-none-eabi/lib/armv7-m\libg.a(lib_a-signal.o)
                0x00086bd0                _raise_r
 .text.raise    0x00086c28       0x10 c:/users/legi2074/appdata/local/arduino15/packages/arduino/tools/arm-none-eabi-gcc/4.8.3-2014q1/bin/../lib/gcc/arm-none-eabi/4.8.3/../../../../arm-none-eabi/lib/armv7-m\libg.a(lib_a-signal.o)
                0x00086c28                raise
 .text._kill_r  0x00086c38       0x28 c:/users/legi2074/appdata/local/arduino15/packages/arduino/tools/arm-none-eabi-gcc/4.8.3-2014q1/bin/../lib/gcc/arm-none-eabi/4.8.3/../../../../arm-none-eabi/lib/armv7-m\libg.a(lib_a-signalr.o)
                0x00086c38                _kill_r
 .text._getpid_r
                0x00086c60        0x4 c:/users/legi2074/appdata/local/arduino15/packages/arduino/tools/arm-none-eabi-gcc/4.8.3-2014q1/bin/../lib/gcc/arm-none-eabi/4.8.3/../../../../arm-none-eabi/lib/armv7-m\libg.a(lib_a-signalr.o)
                0x00086c60                _getpid_r
 .text.__sread  0x00086c64       0x24 c:/users/legi2074/appdata/local/arduino15/packages/arduino/tools/arm-none-eabi-gcc/4.8.3-2014q1/bin/../lib/gcc/arm-none-eabi/4.8.3/../../../../arm-none-eabi/lib/armv7-m\libg.a(lib_a-stdio.o)
                0x00086c64                __sread
 .text.__swrite
                0x00086c88       0x38 c:/users/legi2074/appdata/local/arduino15/packages/arduino/tools/arm-none-eabi-gcc/4.8.3-2014q1/bin/../lib/gcc/arm-none-eabi/4.8.3/../../../../arm-none-eabi/lib/armv7-m\libg.a(lib_a-stdio.o)
                0x00086c88                __swrite
 .text.__sseek  0x00086cc0       0x20 c:/users/legi2074/appdata/local/arduino15/packages/arduino/tools/arm-none-eabi-gcc/4.8.3-2014q1/bin/../lib/gcc/arm-none-eabi/4.8.3/../../../../arm-none-eabi/lib/armv7-m\libg.a(lib_a-stdio.o)
                0x00086cc0                __sseek
 .text.__sclose
                0x00086ce0        0x8 c:/users/legi2074/appdata/local/arduino15/packages/arduino/tools/arm-none-eabi-gcc/4.8.3-2014q1/bin/../lib/gcc/arm-none-eabi/4.8.3/../../../../arm-none-eabi/lib/armv7-m\libg.a(lib_a-stdio.o)
                0x00086ce0                __sclose
 .text.__swbuf_r
                0x00086ce8       0xa8 c:/users/legi2074/appdata/local/arduino15/packages/arduino/tools/arm-none-eabi-gcc/4.8.3-2014q1/bin/../lib/gcc/arm-none-eabi/4.8.3/../../../../arm-none-eabi/lib/armv7-m\libg.a(lib_a-wbuf.o)
                0x00086ce8                __swbuf_r
 .text._wcrtomb_r
                0x00086d90       0x50 c:/users/legi2074/appdata/local/arduino15/packages/arduino/tools/arm-none-eabi-gcc/4.8.3-2014q1/bin/../lib/gcc/arm-none-eabi/4.8.3/../../../../arm-none-eabi/lib/armv7-m\libg.a(lib_a-wcrtomb.o)
                0x00086d90                _wcrtomb_r
 .text.__ascii_wctomb
                0x00086de0       0x1c c:/users/legi2074/appdata/local/arduino15/packages/arduino/tools/arm-none-eabi-gcc/4.8.3-2014q1/bin/../lib/gcc/arm-none-eabi/4.8.3/../../../../arm-none-eabi/lib/armv7-m\libg.a(lib_a-wctomb_r.o)
                0x00086de0                __ascii_wctomb
 .text._write_r
                0x00086dfc       0x28 c:/users/legi2074/appdata/local/arduino15/packages/arduino/tools/arm-none-eabi-gcc/4.8.3-2014q1/bin/../lib/gcc/arm-none-eabi/4.8.3/../../../../arm-none-eabi/lib/armv7-m\libg.a(lib_a-writer.o)
                0x00086dfc                _write_r
 .text.__register_exitproc
                0x00086e24       0xa8 c:/users/legi2074/appdata/local/arduino15/packages/arduino/tools/arm-none-eabi-gcc/4.8.3-2014q1/bin/../lib/gcc/arm-none-eabi/4.8.3/../../../../arm-none-eabi/lib/armv7-m\libg.a(lib_a-__atexit.o)
                0x00086e24                __register_exitproc
 .text._close_r
                0x00086ecc       0x24 c:/users/legi2074/appdata/local/arduino15/packages/arduino/tools/arm-none-eabi-gcc/4.8.3-2014q1/bin/../lib/gcc/arm-none-eabi/4.8.3/../../../../arm-none-eabi/lib/armv7-m\libg.a(lib_a-closer.o)
                0x00086ecc                _close_r
 .text._fclose_r
                0x00086ef0       0x80 c:/users/legi2074/appdata/local/arduino15/packages/arduino/tools/arm-none-eabi-gcc/4.8.3-2014q1/bin/../lib/gcc/arm-none-eabi/4.8.3/../../../../arm-none-eabi/lib/armv7-m\libg.a(lib_a-fclose.o)
                0x00086ef0                _fclose_r
 .text.fclose   0x00086f70       0x10 c:/users/legi2074/appdata/local/arduino15/packages/arduino/tools/arm-none-eabi-gcc/4.8.3-2014q1/bin/../lib/gcc/arm-none-eabi/4.8.3/../../../../arm-none-eabi/lib/armv7-m\libg.a(lib_a-fclose.o)
                0x00086f70                fclose
 .text._fstat_r
                0x00086f80       0x28 c:/users/legi2074/appdata/local/arduino15/packages/arduino/tools/arm-none-eabi-gcc/4.8.3-2014q1/bin/../lib/gcc/arm-none-eabi/4.8.3/../../../../arm-none-eabi/lib/armv7-m\libg.a(lib_a-fstatr.o)
                0x00086f80                _fstat_r
 .text._isatty_r
                0x00086fa8       0x24 c:/users/legi2074/appdata/local/arduino15/packages/arduino/tools/arm-none-eabi-gcc/4.8.3-2014q1/bin/../lib/gcc/arm-none-eabi/4.8.3/../../../../arm-none-eabi/lib/armv7-m\libg.a(lib_a-isattyr.o)
                0x00086fa8                _isatty_r
 .text._lseek_r
                0x00086fcc       0x28 c:/users/legi2074/appdata/local/arduino15/packages/arduino/tools/arm-none-eabi-gcc/4.8.3-2014q1/bin/../lib/gcc/arm-none-eabi/4.8.3/../../../../arm-none-eabi/lib/armv7-m\libg.a(lib_a-lseekr.o)
                0x00086fcc                _lseek_r
 .text._read_r  0x00086ff4       0x28 c:/users/legi2074/appdata/local/arduino15/packages/arduino/tools/arm-none-eabi-gcc/4.8.3-2014q1/bin/../lib/gcc/arm-none-eabi/4.8.3/../../../../arm-none-eabi/lib/armv7-m\libg.a(lib_a-readr.o)
                0x00086ff4                _read_r
 .text          0x0008701c       0x2c c:/users/legi2074/appdata/local/arduino15/packages/arduino/tools/arm-none-eabi-gcc/4.8.3-2014q1/bin/../lib/gcc/arm-none-eabi/4.8.3/armv7-m\libgcc.a(_aeabi_uldivmod.o)
                0x0008701c                __aeabi_uldivmod
 .text          0x00087048       0x60 c:/users/legi2074/appdata/local/arduino15/packages/arduino/tools/arm-none-eabi-gcc/4.8.3-2014q1/bin/../lib/gcc/arm-none-eabi/4.8.3/armv7-m\libgcc.a(bpabi.o)
                0x00087048                __gnu_ldivmod_helper
                0x00087078                __gnu_uldivmod_helper
 .text          0x000870a8        0x4 c:/users/legi2074/appdata/local/arduino15/packages/arduino/tools/arm-none-eabi-gcc/4.8.3-2014q1/bin/../lib/gcc/arm-none-eabi/4.8.3/armv7-m\libgcc.a(_dvmd_tls.o)
                0x000870a8                __aeabi_idiv0
                0x000870a8                __aeabi_ldiv0
 .text          0x000870ac      0x2a0 c:/users/legi2074/appdata/local/arduino15/packages/arduino/tools/arm-none-eabi-gcc/4.8.3-2014q1/bin/../lib/gcc/arm-none-eabi/4.8.3/armv7-m\libgcc.a(_divdi3.o)
                0x000870ac                __divdi3
 .text          0x0008734c      0x290 c:/users/legi2074/appdata/local/arduino15/packages/arduino/tools/arm-none-eabi-gcc/4.8.3-2014q1/bin/../lib/gcc/arm-none-eabi/4.8.3/armv7-m\libgcc.a(_udivdi3.o)
                0x0008734c                __udivdi3
 *(.glue_7t)
 .glue_7t       0x00000000        0x0 linker stubs
 *(.glue_7)
 .glue_7        0x00000000        0x0 linker stubs
 *(.rodata .rodata* .gnu.linkonce.r.*)
 .rodata.str1.1
                0x000875dc       0x68 C:\Users\legi2074\AppData\Local\Temp\VMBuilds\IMU_SpinModule\arduino_due_x_dbg\IMU_SpinModule.cpp.o
                                 0x6a (size before relaxing)
 *fill*         0x00087644        0x4 
 .rodata._ZTV7TwoWire
                0x00087648       0x20 C:\Users\legi2074\AppData\Local\Temp\VMBuilds\IMU_SpinModule\arduino_due_x_dbg\Wire\Wire.cpp.o
                0x00087648                vtable for TwoWire
 .rodata.CSWTCH.59
                0x00087668        0x9 C:\Users\legi2074\AppData\Local\Temp\VMBuilds\IMU_SpinModule\arduino_due_x_dbg\LSM9DS1\SparkFunLSM9DS1.cpp.o
 *fill*         0x00087671        0x3 
 .rodata.g_APinDescription
                0x00087674      0xa2c C:\Users\legi2074\AppData\Local\Temp\VMBuilds\IMU_SpinModule\arduino_due_x_dbg\variant\variant.cpp.o
                0x00087674                g_APinDescription
 .rodata.__func__.7227
                0x000880a0        0xe C:\Users\legi2074\AppData\Local\arduino15\packages\arduino\hardware\sam\1.6.11\variants\arduino_due_x/libsam_sam3x8e_gcc_rel.a(twi.o)
 .rodata.__func__.7157
                0x000880ae        0xd C:\Users\legi2074\AppData\Local\arduino15\packages\arduino\hardware\sam\1.6.11\variants\arduino_due_x/libsam_sam3x8e_gcc_rel.a(twi.o)
 .rodata.__func__.7208
                0x000880bb        0xf C:\Users\legi2074\AppData\Local\arduino15\packages\arduino\hardware\sam\1.6.11\variants\arduino_due_x/libsam_sam3x8e_gcc_rel.a(twi.o)
 .rodata.__func__.7176
                0x000880ca        0xc C:\Users\legi2074\AppData\Local\arduino15\packages\arduino\hardware\sam\1.6.11\variants\arduino_due_x/libsam_sam3x8e_gcc_rel.a(twi.o)
 .rodata.str1.1
                0x000880d6       0xb4 C:\Users\legi2074\AppData\Local\arduino15\packages\arduino\hardware\sam\1.6.11\variants\arduino_due_x/libsam_sam3x8e_gcc_rel.a(twi.o)
 .rodata.__func__.7184
                0x0008818a        0x9 C:\Users\legi2074\AppData\Local\arduino15\packages\arduino\hardware\sam\1.6.11\variants\arduino_due_x/libsam_sam3x8e_gcc_rel.a(twi.o)
 .rodata.__func__.7240
                0x00088193       0x16 C:\Users\legi2074\AppData\Local\arduino15\packages\arduino\hardware\sam\1.6.11\variants\arduino_due_x/libsam_sam3x8e_gcc_rel.a(twi.o)
 .rodata.__func__.7191
                0x000881a9        0xe C:\Users\legi2074\AppData\Local\arduino15\packages\arduino\hardware\sam\1.6.11\variants\arduino_due_x/libsam_sam3x8e_gcc_rel.a(twi.o)
 .rodata.__func__.7231
                0x000881b7        0xe C:\Users\legi2074\AppData\Local\arduino15\packages\arduino\hardware\sam\1.6.11\variants\arduino_due_x/libsam_sam3x8e_gcc_rel.a(twi.o)
 .rodata.__func__.7195
                0x000881c5        0xd C:\Users\legi2074\AppData\Local\arduino15\packages\arduino\hardware\sam\1.6.11\variants\arduino_due_x/libsam_sam3x8e_gcc_rel.a(twi.o)
 .rodata.__func__.7222
                0x000881d2        0xd C:\Users\legi2074\AppData\Local\arduino15\packages\arduino\hardware\sam\1.6.11\variants\arduino_due_x/libsam_sam3x8e_gcc_rel.a(twi.o)
 .rodata.__func__.7200
                0x000881df        0xe C:\Users\legi2074\AppData\Local\arduino15\packages\arduino\hardware\sam\1.6.11\variants\arduino_due_x/libsam_sam3x8e_gcc_rel.a(twi.o)
 .rodata.__func__.7151
                0x000881ed       0x14 C:\Users\legi2074\AppData\Local\arduino15\packages\arduino\hardware\sam\1.6.11\variants\arduino_due_x/libsam_sam3x8e_gcc_rel.a(twi.o)
 *fill*         0x00088201        0x3 
 .rodata        0x00088204       0x40 C:\Users\legi2074\AppData\Local\arduino15\packages\arduino\hardware\sam\1.6.11\variants\arduino_due_x/libsam_sam3x8e_gcc_rel.a(adc.o)
 .rodata.str1.1
                0x00088244       0x19 C:\Users\legi2074\AppData\Local\Temp\VMBuilds\IMU_SpinModule\arduino_due_x_dbg/core.a(syscalls_sam3.c.o)
 *fill*         0x0008825d        0x3 
 .rodata.channelToId.9433
                0x00088260       0x48 C:\Users\legi2074\AppData\Local\Temp\VMBuilds\IMU_SpinModule\arduino_due_x_dbg/core.a(wiring_analog.c.o)
 .rodata.channelToTC.9432
                0x000882a8       0x48 C:\Users\legi2074\AppData\Local\Temp\VMBuilds\IMU_SpinModule\arduino_due_x_dbg/core.a(wiring_analog.c.o)
 .rodata.channelToChNo.9430
                0x000882f0       0x48 C:\Users\legi2074\AppData\Local\Temp\VMBuilds\IMU_SpinModule\arduino_due_x_dbg/core.a(wiring_analog.c.o)
 .rodata.channelToAB.9431